<html>
<body>
<pre>
<h1>µVision Build Log</h1>
<h2>Tool Versions:</h2>
IDE-Version: µVision V5.23.0.0
Copyright (C) 2017 ARM Ltd and ARM Germany GmbH. All rights reserved.
License Information: Hello It, Is, LIC=8MZGK-Z33TH-ZDKK6-DETVZ-ZKPDW-CLB2H
 
Tool Versions:
Toolchain:       MDK-ARM Professional  Version: 5.23
Toolchain Path:  D:\other\KeilMVisionOrigin\ARM\ARMCC\Bin
C Compiler:      Armcc.exe V5.06 update 4 (build 422)
Assembler:       Armasm.exe V5.06 update 4 (build 422)
Linker/Locator:  ArmLink.exe V5.06 update 4 (build 422)
Library Manager: ArmAr.exe V5.06 update 4 (build 422)
Hex Converter:   FromElf.exe V5.06 update 4 (build 422)
CPU DLL:         SARMCM3.DLL V5.23
Dialog DLL:      DCM.DLL V1.15.0.0
Target DLL:      STLink\ST-LINKIII-KEIL_SWO.dll V2.0.18.0
Dialog DLL:      TCM.DLL V1.27.0.0
 
<h2>Project:</h2>
D:\KEIL_projects\STM32F407_httpserver\stm32f407.uvprojx
Project File Date:  06/13/2017

<h2>Output:</h2>
*** Using Compiler 'V5.06 update 4 (build 422)', folder: 'D:\other\KeilMVisionOrigin\ARM\ARMCC\Bin'
Build target 'Target 1'
compiling fs.c...
compiling fsdata.c...
fsdata.c(9): warning:  #177-D: variable "dummy_align__css_style_css"  was declared but never referenced
  static const unsigned int dummy_align__css_style_css = 0;
fsdata.c(10): warning:  #177-D: variable "data__css_style_css"  was declared but never referenced
  static const unsigned char data__css_style_css[] = {
fsdata.c(96): warning:  #177-D: variable "dummy_align__js_first_attr_js"  was declared but never referenced
  static const unsigned int dummy_align__js_first_attr_js = 1;
fsdata.c(97): warning:  #177-D: variable "data__js_first_attr_js"  was declared but never referenced
  static const unsigned char data__js_first_attr_js[] = {
fsdata.c(303): warning:  #177-D: variable "dummy_align__index_attr_html"  was declared but never referenced
  static const unsigned int dummy_align__index_attr_html = 2;
fsdata.c(304): warning:  #177-D: variable "data__index_attr_html"  was declared but never referenced
  static const unsigned char data__index_attr_html[] = {
fsdata.c: 6 warnings, 0 errors
linking...
Program Size: Code=42072 RO-data=7020 RW-data=328 ZI-data=110864  
".\Objects\stm32f407.axf" - 0 Error(s), 6 Warning(s).

<h2>Software Packages used:</h2>

Package Vendor: ARM
                http://www.keil.com/pack/ARM.CMSIS.5.0.1.pack
                ARM::CMSIS:CORE:5.0.1
                CMSIS (Cortex Microcontroller Software Interface Standard)
   * Component: CORE Version: 5.0.1

Package Vendor: Keil
                http://www.keil.com/pack/Keil.STM32F4xx_DFP.2.11.0.pack
                Keil::Device:Startup:2.6.0
                STMicroelectronics STM32F4 Series Device Support, Drivers and Examples
   * Component: Startup Version: 2.6.0

<h2>Collection of Component include folders:</h2>
  .\RTE\_Target_1
  D:\other\KeilMVisionOrigin\ARM\PACK\ARM\CMSIS\5.0.1\CMSIS\Include
  D:\other\KeilMVisionOrigin\ARM\PACK\Keil\STM32F4xx_DFP\2.11.0\Drivers\CMSIS\Device\ST\STM32F4xx\Include

<h2>Collection of Component Files used:</h2>

   * Component: ARM::CMSIS:CORE:5.0.1

   * Component: Keil::Device:Startup:2.6.0
      Source file:   MDK\Device\Source\ARM\STM32F40xxx_41xxx_OPT.s
      Source file:   MDK\Device\Source\ARM\STM32F4xx_OTP.s
      Include file:  Drivers\CMSIS\Device\ST\STM32F4xx\Include\stm32f4xx.h
      Source file:   Drivers\CMSIS\Device\ST\STM32F4xx\Source\Templates\arm\startup_stm32f407xx.s
      Source file:   Drivers\CMSIS\Device\ST\STM32F4xx\Source\Templates\system_stm32f4xx.c
Build Time Elapsed:  00:00:00
</pre>
</body>
</html>
