Component: ARM Compiler 5.06 update 4 (build 422) Tool: armlink [4d35d2]

==============================================================================

Section Cross References

    stm32f4xx_adc.o(i.ADC_DeInit) refers to stm32f4xx_rcc.o(i.RCC_APB2PeriphResetCmd) for RCC_APB2PeriphResetCmd
    stm32f4xx_can.o(i.CAN_DeInit) refers to stm32f4xx_rcc.o(i.RCC_APB1PeriphResetCmd) for RCC_APB1PeriphResetCmd
    stm32f4xx_can.o(i.CAN_GetITStatus) refers to stm32f4xx_can.o(i.CheckITStatus) for CheckITStatus
    stm32f4xx_cryp.o(i.CRYP_DeInit) refers to stm32f4xx_rcc.o(i.RCC_AHB2PeriphResetCmd) for RCC_AHB2PeriphResetCmd
    stm32f4xx_cryp_aes.o(i.CRYP_AES_CBC) refers to stm32f4xx_cryp.o(i.CRYP_KeyStructInit) for CRYP_KeyStructInit
    stm32f4xx_cryp_aes.o(i.CRYP_AES_CBC) refers to stm32f4xx_cryp.o(i.CRYP_FIFOFlush) for CRYP_FIFOFlush
    stm32f4xx_cryp_aes.o(i.CRYP_AES_CBC) refers to stm32f4xx_cryp.o(i.CRYP_Init) for CRYP_Init
    stm32f4xx_cryp_aes.o(i.CRYP_AES_CBC) refers to stm32f4xx_cryp.o(i.CRYP_KeyInit) for CRYP_KeyInit
    stm32f4xx_cryp_aes.o(i.CRYP_AES_CBC) refers to stm32f4xx_cryp.o(i.CRYP_Cmd) for CRYP_Cmd
    stm32f4xx_cryp_aes.o(i.CRYP_AES_CBC) refers to stm32f4xx_cryp.o(i.CRYP_GetFlagStatus) for CRYP_GetFlagStatus
    stm32f4xx_cryp_aes.o(i.CRYP_AES_CBC) refers to stm32f4xx_cryp.o(i.CRYP_IVInit) for CRYP_IVInit
    stm32f4xx_cryp_aes.o(i.CRYP_AES_CBC) refers to stm32f4xx_cryp.o(i.CRYP_GetCmdStatus) for CRYP_GetCmdStatus
    stm32f4xx_cryp_aes.o(i.CRYP_AES_CBC) refers to stm32f4xx_cryp.o(i.CRYP_DataIn) for CRYP_DataIn
    stm32f4xx_cryp_aes.o(i.CRYP_AES_CBC) refers to stm32f4xx_cryp.o(i.CRYP_DataOut) for CRYP_DataOut
    stm32f4xx_cryp_aes.o(i.CRYP_AES_CCM) refers to stm32f4xx_cryp.o(i.CRYP_KeyStructInit) for CRYP_KeyStructInit
    stm32f4xx_cryp_aes.o(i.CRYP_AES_CCM) refers to stm32f4xx_cryp.o(i.CRYP_FIFOFlush) for CRYP_FIFOFlush
    stm32f4xx_cryp_aes.o(i.CRYP_AES_CCM) refers to stm32f4xx_cryp.o(i.CRYP_KeyInit) for CRYP_KeyInit
    stm32f4xx_cryp_aes.o(i.CRYP_AES_CCM) refers to stm32f4xx_cryp.o(i.CRYP_IVInit) for CRYP_IVInit
    stm32f4xx_cryp_aes.o(i.CRYP_AES_CCM) refers to stm32f4xx_cryp.o(i.CRYP_Init) for CRYP_Init
    stm32f4xx_cryp_aes.o(i.CRYP_AES_CCM) refers to stm32f4xx_cryp.o(i.CRYP_PhaseConfig) for CRYP_PhaseConfig
    stm32f4xx_cryp_aes.o(i.CRYP_AES_CCM) refers to stm32f4xx_cryp.o(i.CRYP_DataIn) for CRYP_DataIn
    stm32f4xx_cryp_aes.o(i.CRYP_AES_CCM) refers to stm32f4xx_cryp.o(i.CRYP_Cmd) for CRYP_Cmd
    stm32f4xx_cryp_aes.o(i.CRYP_AES_CCM) refers to stm32f4xx_cryp.o(i.CRYP_GetCmdStatus) for CRYP_GetCmdStatus
    stm32f4xx_cryp_aes.o(i.CRYP_AES_CCM) refers to stm32f4xx_cryp.o(i.CRYP_GetFlagStatus) for CRYP_GetFlagStatus
    stm32f4xx_cryp_aes.o(i.CRYP_AES_CCM) refers to stm32f4xx_cryp.o(i.CRYP_DataOut) for CRYP_DataOut
    stm32f4xx_cryp_aes.o(i.CRYP_AES_CTR) refers to stm32f4xx_cryp.o(i.CRYP_KeyStructInit) for CRYP_KeyStructInit
    stm32f4xx_cryp_aes.o(i.CRYP_AES_CTR) refers to stm32f4xx_cryp.o(i.CRYP_KeyInit) for CRYP_KeyInit
    stm32f4xx_cryp_aes.o(i.CRYP_AES_CTR) refers to stm32f4xx_cryp.o(i.CRYP_Init) for CRYP_Init
    stm32f4xx_cryp_aes.o(i.CRYP_AES_CTR) refers to stm32f4xx_cryp.o(i.CRYP_IVInit) for CRYP_IVInit
    stm32f4xx_cryp_aes.o(i.CRYP_AES_CTR) refers to stm32f4xx_cryp.o(i.CRYP_FIFOFlush) for CRYP_FIFOFlush
    stm32f4xx_cryp_aes.o(i.CRYP_AES_CTR) refers to stm32f4xx_cryp.o(i.CRYP_Cmd) for CRYP_Cmd
    stm32f4xx_cryp_aes.o(i.CRYP_AES_CTR) refers to stm32f4xx_cryp.o(i.CRYP_GetCmdStatus) for CRYP_GetCmdStatus
    stm32f4xx_cryp_aes.o(i.CRYP_AES_CTR) refers to stm32f4xx_cryp.o(i.CRYP_DataIn) for CRYP_DataIn
    stm32f4xx_cryp_aes.o(i.CRYP_AES_CTR) refers to stm32f4xx_cryp.o(i.CRYP_GetFlagStatus) for CRYP_GetFlagStatus
    stm32f4xx_cryp_aes.o(i.CRYP_AES_CTR) refers to stm32f4xx_cryp.o(i.CRYP_DataOut) for CRYP_DataOut
    stm32f4xx_cryp_aes.o(i.CRYP_AES_ECB) refers to stm32f4xx_cryp.o(i.CRYP_KeyStructInit) for CRYP_KeyStructInit
    stm32f4xx_cryp_aes.o(i.CRYP_AES_ECB) refers to stm32f4xx_cryp.o(i.CRYP_FIFOFlush) for CRYP_FIFOFlush
    stm32f4xx_cryp_aes.o(i.CRYP_AES_ECB) refers to stm32f4xx_cryp.o(i.CRYP_Init) for CRYP_Init
    stm32f4xx_cryp_aes.o(i.CRYP_AES_ECB) refers to stm32f4xx_cryp.o(i.CRYP_KeyInit) for CRYP_KeyInit
    stm32f4xx_cryp_aes.o(i.CRYP_AES_ECB) refers to stm32f4xx_cryp.o(i.CRYP_Cmd) for CRYP_Cmd
    stm32f4xx_cryp_aes.o(i.CRYP_AES_ECB) refers to stm32f4xx_cryp.o(i.CRYP_GetFlagStatus) for CRYP_GetFlagStatus
    stm32f4xx_cryp_aes.o(i.CRYP_AES_ECB) refers to stm32f4xx_cryp.o(i.CRYP_GetCmdStatus) for CRYP_GetCmdStatus
    stm32f4xx_cryp_aes.o(i.CRYP_AES_ECB) refers to stm32f4xx_cryp.o(i.CRYP_DataIn) for CRYP_DataIn
    stm32f4xx_cryp_aes.o(i.CRYP_AES_ECB) refers to stm32f4xx_cryp.o(i.CRYP_DataOut) for CRYP_DataOut
    stm32f4xx_cryp_aes.o(i.CRYP_AES_GCM) refers to stm32f4xx_cryp.o(i.CRYP_KeyStructInit) for CRYP_KeyStructInit
    stm32f4xx_cryp_aes.o(i.CRYP_AES_GCM) refers to stm32f4xx_cryp.o(i.CRYP_FIFOFlush) for CRYP_FIFOFlush
[...]
    __rt_entry_presh_1                       0x08000229   Thumb Code     0  __rtentry2.o(.ARM.Collect$$rtentry$$00000002)
    __rt_entry_sh                            0x08000229   Thumb Code     0  __rtentry4.o(.ARM.Collect$$rtentry$$00000004)
    __rt_entry_li                            0x0800022f   Thumb Code     0  __rtentry2.o(.ARM.Collect$$rtentry$$0000000A)
    __rt_entry_postsh_1                      0x0800022f   Thumb Code     0  __rtentry2.o(.ARM.Collect$$rtentry$$00000009)
    __rt_entry_main                          0x08000233   Thumb Code     0  __rtentry2.o(.ARM.Collect$$rtentry$$0000000D)
    __rt_entry_postli_1                      0x08000233   Thumb Code     0  __rtentry2.o(.ARM.Collect$$rtentry$$0000000C)
    __rt_exit                                0x0800023b   Thumb Code     0  rtexit.o(.ARM.Collect$$rtexit$$00000000)
    __rt_exit_ls                             0x0800023d   Thumb Code     0  rtexit2.o(.ARM.Collect$$rtexit$$00000003)
    __rt_exit_prels_1                        0x0800023d   Thumb Code     0  rtexit2.o(.ARM.Collect$$rtexit$$00000002)
    __rt_exit_exit                           0x08000241   Thumb Code     0  rtexit2.o(.ARM.Collect$$rtexit$$00000004)
    SVC_Handler                              0x08000249   Thumb Code    28  port.o(.emb_text)
    __asm___6_port_c_39a90d8d__prvStartFirstTask 0x08000269   Thumb Code    28  port.o(.emb_text)
    __asm___6_port_c_39a90d8d__prvEnableVFP  0x08000289   Thumb Code    16  port.o(.emb_text)
    PendSV_Handler                           0x0800029d   Thumb Code    92  port.o(.emb_text)
    vPortGetIPSR                             0x080002fd   Thumb Code     6  port.o(.emb_text)
    Reset_Handler                            0x08000305   Thumb Code     8  startup_stm32f407xx.o(.text)
    ADC_IRQHandler                           0x0800031f   Thumb Code     0  startup_stm32f407xx.o(.text)
    CAN1_RX0_IRQHandler                      0x0800031f   Thumb Code     0  startup_stm32f407xx.o(.text)
    CAN1_RX1_IRQHandler                      0x0800031f   Thumb Code     0  startup_stm32f407xx.o(.text)
    CAN1_SCE_IRQHandler                      0x0800031f   Thumb Code     0  startup_stm32f407xx.o(.text)
    CAN1_TX_IRQHandler                       0x0800031f   Thumb Code     0  startup_stm32f407xx.o(.text)
    CAN2_RX0_IRQHandler                      0x0800031f   Thumb Code     0  startup_stm32f407xx.o(.text)
    CAN2_RX1_IRQHandler                      0x0800031f   Thumb Code     0  startup_stm32f407xx.o(.text)
    CAN2_SCE_IRQHandler                      0x0800031f   Thumb Code     0  startup_stm32f407xx.o(.text)
    CAN2_TX_IRQHandler                       0x0800031f   Thumb Code     0  startup_stm32f407xx.o(.text)
    DCMI_IRQHandler                          0x0800031f   Thumb Code     0  startup_stm32f407xx.o(.text)
    DMA1_Stream0_IRQHandler                  0x0800031f   Thumb Code     0  startup_stm32f407xx.o(.text)
    DMA1_Stream1_IRQHandler                  0x0800031f   Thumb Code     0  startup_stm32f407xx.o(.text)
    DMA1_Stream2_IRQHandler                  0x0800031f   Thumb Code     0  startup_stm32f407xx.o(.text)
    DMA1_Stream3_IRQHandler                  0x0800031f   Thumb Code     0  startup_stm32f407xx.o(.text)
    DMA1_Stream4_IRQHandler                  0x0800031f   Thumb Code     0  startup_stm32f407xx.o(.text)
    DMA1_Stream5_IRQHandler                  0x0800031f   Thumb Code     0  startup_stm32f407xx.o(.text)
    DMA1_Stream6_IRQHandler                  0x0800031f   Thumb Code     0  startup_stm32f407xx.o(.text)
    DMA1_Stream7_IRQHandler                  0x0800031f   Thumb Code     0  startup_stm32f407xx.o(.text)
    DMA2_Stream0_IRQHandler                  0x0800031f   Thumb Code     0  startup_stm32f407xx.o(.text)
    DMA2_Stream1_IRQHandler                  0x0800031f   Thumb Code     0  startup_stm32f407xx.o(.text)
    DMA2_Stream2_IRQHandler                  0x0800031f   Thumb Code     0  startup_stm32f407xx.o(.text)
    DMA2_Stream3_IRQHandler                  0x0800031f   Thumb Code     0  startup_stm32f407xx.o(.text)
    DMA2_Stream4_IRQHandler                  0x0800031f   Thumb Code     0  startup_stm32f407xx.o(.text)
    DMA2_Stream5_IRQHandler                  0x0800031f   Thumb Code     0  startup_stm32f407xx.o(.text)
    DMA2_Stream6_IRQHandler                  0x0800031f   Thumb Code     0  startup_stm32f407xx.o(.text)
    DMA2_Stream7_IRQHandler                  0x0800031f   Thumb Code     0  startup_stm32f407xx.o(.text)
    ETH_WKUP_IRQHandler                      0x0800031f   Thumb Code     0  startup_stm32f407xx.o(.text)
    EXTI0_IRQHandler                         0x0800031f   Thumb Code     0  startup_stm32f407xx.o(.text)
    EXTI15_10_IRQHandler                     0x0800031f   Thumb Code     0  startup_stm32f407xx.o(.text)
    EXTI1_IRQHandler                         0x0800031f   Thumb Code     0  startup_stm32f407xx.o(.text)
    EXTI2_IRQHandler                         0x0800031f   Thumb Code     0  startup_stm32f407xx.o(.text)
    EXTI3_IRQHandler                         0x0800031f   Thumb Code     0  startup_stm32f407xx.o(.text)
    EXTI4_IRQHandler                         0x0800031f   Thumb Code     0  startup_stm32f407xx.o(.text)
    EXTI9_5_IRQHandler                       0x0800031f   Thumb Code     0  startup_stm32f407xx.o(.text)
    FLASH_IRQHandler                         0x0800031f   Thumb Code     0  startup_stm32f407xx.o(.text)
    FMC_IRQHandler                           0x0800031f   Thumb Code     0  startup_stm32f407xx.o(.text)
    FPU_IRQHandler                           0x0800031f   Thumb Code     0  startup_stm32f407xx.o(.text)
    HASH_RNG_IRQHandler                      0x0800031f   Thumb Code     0  startup_stm32f407xx.o(.text)
    I2C1_ER_IRQHandler                       0x0800031f   Thumb Code     0  startup_stm32f407xx.o(.text)
    I2C1_EV_IRQHandler                       0x0800031f   Thumb Code     0  startup_stm32f407xx.o(.text)
    I2C2_ER_IRQHandler                       0x0800031f   Thumb Code     0  startup_stm32f407xx.o(.text)
    I2C2_EV_IRQHandler                       0x0800031f   Thumb Code     0  startup_stm32f407xx.o(.text)
    I2C3_ER_IRQHandler                       0x0800031f   Thumb Code     0  startup_stm32f407xx.o(.text)
    I2C3_EV_IRQHandler                       0x0800031f   Thumb Code     0  startup_stm32f407xx.o(.text)
    OTG_FS_IRQHandler                        0x0800031f   Thumb Code     0  startup_stm32f407xx.o(.text)
    OTG_FS_WKUP_IRQHandler                   0x0800031f   Thumb Code     0  startup_stm32f407xx.o(.text)
    OTG_HS_EP1_IN_IRQHandler                 0x0800031f   Thumb Code     0  startup_stm32f407xx.o(.text)
    OTG_HS_EP1_OUT_IRQHandler                0x0800031f   Thumb Code     0  startup_stm32f407xx.o(.text)
    OTG_HS_IRQHandler                        0x0800031f   Thumb Code     0  startup_stm32f407xx.o(.text)
    OTG_HS_WKUP_IRQHandler                   0x0800031f   Thumb Code     0  startup_stm32f407xx.o(.text)
    PVD_IRQHandler                           0x0800031f   Thumb Code     0  startup_stm32f407xx.o(.text)
    RCC_IRQHandler                           0x0800031f   Thumb Code     0  startup_stm32f407xx.o(.text)
    RTC_Alarm_IRQHandler                     0x0800031f   Thumb Code     0  startup_stm32f407xx.o(.text)
    RTC_WKUP_IRQHandler                      0x0800031f   Thumb Code     0  startup_stm32f407xx.o(.text)
    SDIO_IRQHandler                          0x0800031f   Thumb Code     0  startup_stm32f407xx.o(.text)
    SPI1_IRQHandler                          0x0800031f   Thumb Code     0  startup_stm32f407xx.o(.text)
    SPI2_IRQHandler                          0x0800031f   Thumb Code     0  startup_stm32f407xx.o(.text)
    SPI3_IRQHandler                          0x0800031f   Thumb Code     0  startup_stm32f407xx.o(.text)
    TAMP_STAMP_IRQHandler                    0x0800031f   Thumb Code     0  startup_stm32f407xx.o(.text)
    TIM1_BRK_TIM9_IRQHandler                 0x0800031f   Thumb Code     0  startup_stm32f407xx.o(.text)
    TIM1_CC_IRQHandler                       0x0800031f   Thumb Code     0  startup_stm32f407xx.o(.text)
    TIM1_TRG_COM_TIM11_IRQHandler            0x0800031f   Thumb Code     0  startup_stm32f407xx.o(.text)
    TIM1_UP_TIM10_IRQHandler                 0x0800031f   Thumb Code     0  startup_stm32f407xx.o(.text)
    TIM2_IRQHandler                          0x0800031f   Thumb Code     0  startup_stm32f407xx.o(.text)
    TIM3_IRQHandler                          0x0800031f   Thumb Code     0  startup_stm32f407xx.o(.text)
    TIM4_IRQHandler                          0x0800031f   Thumb Code     0  startup_stm32f407xx.o(.text)
    TIM5_IRQHandler                          0x0800031f   Thumb Code     0  startup_stm32f407xx.o(.text)
    TIM6_DAC_IRQHandler                      0x0800031f   Thumb Code     0  startup_stm32f407xx.o(.text)
    TIM7_IRQHandler                          0x0800031f   Thumb Code     0  startup_stm32f407xx.o(.text)
    TIM8_BRK_TIM12_IRQHandler                0x0800031f   Thumb Code     0  startup_stm32f407xx.o(.text)
    TIM8_CC_IRQHandler                       0x0800031f   Thumb Code     0  startup_stm32f407xx.o(.text)
    TIM8_TRG_COM_TIM14_IRQHandler            0x0800031f   Thumb Code     0  startup_stm32f407xx.o(.text)
    TIM8_UP_TIM13_IRQHandler                 0x0800031f   Thumb Code     0  startup_stm32f407xx.o(.text)
    UART4_IRQHandler                         0x0800031f   Thumb Code     0  startup_stm32f407xx.o(.text)
    UART5_IRQHandler                         0x0800031f   Thumb Code     0  startup_stm32f407xx.o(.text)
    USART1_IRQHandler                        0x0800031f   Thumb Code     0  startup_stm32f407xx.o(.text)
    USART2_IRQHandler                        0x0800031f   Thumb Code     0  startup_stm32f407xx.o(.text)
    USART3_IRQHandler                        0x0800031f   Thumb Code     0  startup_stm32f407xx.o(.text)
    USART6_IRQHandler                        0x0800031f   Thumb Code     0  startup_stm32f407xx.o(.text)
    WWDG_IRQHandler                          0x0800031f   Thumb Code     0  startup_stm32f407xx.o(.text)
    __user_initial_stackheap                 0x08000321   Thumb Code     0  startup_stm32f407xx.o(.text)
    memcmp                                   0x08000345   Thumb Code    88  memcmp.o(.text)
    strncmp                                  0x0800039d   Thumb Code   150  strncmp.o(.text)
    __aeabi_memcpy                           0x08000433   Thumb Code     0  rt_memcpy_v6.o(.text)
    __rt_memcpy                              0x08000433   Thumb Code   138  rt_memcpy_v6.o(.text)
    _memcpy_lastbytes                        0x08000499   Thumb Code     0  rt_memcpy_v6.o(.text)
    __aeabi_memcpy4                          0x080004bd   Thumb Code     0  rt_memcpy_w.o(.text)
    __aeabi_memcpy8                          0x080004bd   Thumb Code     0  rt_memcpy_w.o(.text)
    __rt_memcpy_w                            0x080004bd   Thumb Code   100  rt_memcpy_w.o(.text)
    _memcpy_lastbytes_aligned                0x08000505   Thumb Code     0  rt_memcpy_w.o(.text)
    __aeabi_memset                           0x08000521   Thumb Code    16  aeabi_memset.o(.text)
    __aeabi_memclr                           0x08000531   Thumb Code     0  rt_memclr.o(.text)
    __rt_memclr                              0x08000531   Thumb Code    68  rt_memclr.o(.text)
    _memset                                  0x08000535   Thumb Code     0  rt_memclr.o(.text)
    __aeabi_memclr4                          0x08000575   Thumb Code     0  rt_memclr_w.o(.text)
    __aeabi_memclr8                          0x08000575   Thumb Code     0  rt_memclr_w.o(.text)
    __rt_memclr_w                            0x08000575   Thumb Code    78  rt_memclr_w.o(.text)
    _memset_w                                0x08000579   Thumb Code     0  rt_memclr_w.o(.text)
    strcmp                                   0x080005c5   Thumb Code   128  strcmpv7m.o(.text)
    __use_two_region_memory                  0x08000645   Thumb Code     2  heapauxi.o(.text)
    __rt_heap_escrow$2region                 0x08000647   Thumb Code     2  heapauxi.o(.text)
    __rt_heap_expand$2region                 0x08000649   Thumb Code     2  heapauxi.o(.text)
    __user_setup_stackheap                   0x0800064b   Thumb Code    74  sys_stackheap_outer.o(.text)
    exit                                     0x08000695   Thumb Code    18  exit.o(.text)
    __user_libspace                          0x080006a9   Thumb Code     8  libspace.o(.text)
    __user_perproc_libspace                  0x080006a9   Thumb Code     0  libspace.o(.text)
    __user_perthread_libspace                0x080006a9   Thumb Code     0  libspace.o(.text)
    _sys_exit                                0x080006b1   Thumb Code     8  sys_exit.o(.text)
    __I$use$semihosting                      0x080006bd   Thumb Code     0  use_no_semi.o(.text)
    __use_no_semihosting_swi                 0x080006bd   Thumb Code     2  use_no_semi.o(.text)
    BusFault_Handler                         0x080006bf   Thumb Code     4  stm32f4xx_it.o(i.BusFault_Handler)
    __semihosting_library_function           0x080006bf   Thumb Code     0  indicate_semi.o(.text)
    DebugMon_Handler                         0x080006c3   Thumb Code     2  stm32f4xx_it.o(i.DebugMon_Handler)
    ETH_BSP_Config                           0x080006c5   Thumb Code    26  stm32f4x7_eth_bsp.o(i.ETH_BSP_Config)
    ETH_DMAClearITPendingBit                 0x080006e5   Thumb Code     6  stm32f4x7_eth.o(i.ETH_DMAClearITPendingBit)
    ETH_DMAITConfig                          0x080006f1   Thumb Code    26  stm32f4x7_eth.o(i.ETH_DMAITConfig)
    ETH_DMAReceptionCmd                      0x08000711   Thumb Code    30  stm32f4x7_eth.o(i.ETH_DMAReceptionCmd)
    ETH_DMARxDescChainInit                   0x08000735   Thumb Code    82  stm32f4x7_eth.o(i.ETH_DMARxDescChainInit)
    ETH_DMARxDescReceiveITConfig             0x08000799   Thumb Code    22  stm32f4x7_eth.o(i.ETH_DMARxDescReceiveITConfig)
    ETH_DMATransmissionCmd                   0x080007b1   Thumb Code    30  stm32f4x7_eth.o(i.ETH_DMATransmissionCmd)
    ETH_DMATxDescChainInit                   0x080007d5   Thumb Code    70  stm32f4x7_eth.o(i.ETH_DMATxDescChainInit)
    ETH_DMATxDescChecksumInsertionConfig     0x08000825   Thumb Code     8  stm32f4x7_eth.o(i.ETH_DMATxDescChecksumInsertionConfig)
    ETH_DeInit                               0x0800082d   Thumb Code    22  stm32f4x7_eth.o(i.ETH_DeInit)
    ETH_FlushTransmitFIFO                    0x08000861   Thumb Code    14  stm32f4x7_eth.o(i.ETH_FlushTransmitFIFO)
    ETH_GetDMAFlagStatus                     0x080009a1   Thumb Code    20  stm32f4x7_eth.o(i.ETH_GetDMAFlagStatus)
    ETH_GetSoftwareResetStatus               0x080009b9   Thumb Code    20  stm32f4x7_eth.o(i.ETH_GetSoftwareResetStatus)
    ETH_Get_Received_Frame_interrupt         0x080009d1   Thumb Code   268  stm32f4x7_eth.o(i.ETH_Get_Received_Frame_interrupt)
    ETH_IRQHandler                           0x08000ae5   Thumb Code    66  stm32f4xx_it.o(i.ETH_IRQHandler)
    ETH_Init                                 0x08000b31   Thumb Code   650  stm32f4x7_eth.o(i.ETH_Init)
    ETH_MACAddressConfig                     0x08000de9   Thumb Code    46  stm32f4x7_eth.o(i.ETH_MACAddressConfig)
    ETH_MACReceptionCmd                      0x08000ea9   Thumb Code    30  stm32f4x7_eth.o(i.ETH_MACReceptionCmd)
    ETH_MACTransmissionCmd                   0x08000ecd   Thumb Code    30  stm32f4x7_eth.o(i.ETH_MACTransmissionCmd)
    ETH_Prepare_Transmit_Descriptors         0x08000f1d   Thumb Code   222  stm32f4x7_eth.o(i.ETH_Prepare_Transmit_Descriptors)
    ETH_ReadPHYRegister                      0x08001005   Thumb Code    98  stm32f4x7_eth.o(i.ETH_ReadPHYRegister)
    ETH_SoftwareReset                        0x08001071   Thumb Code    14  stm32f4x7_eth.o(i.ETH_SoftwareReset)
    ETH_Start                                0x08001085   Thumb Code    32  stm32f4x7_eth.o(i.ETH_Start)
    ETH_StructInit                           0x080010a5   Thumb Code   178  stm32f4x7_eth.o(i.ETH_StructInit)
    ETH_WritePHYRegister                     0x08001159   Thumb Code    96  stm32f4x7_eth.o(i.ETH_WritePHYRegister)
    GPIO_Init                                0x080011c1   Thumb Code   144  stm32f4xx_gpio.o(i.GPIO_Init)
    GPIO_PinAFConfig                         0x08001251   Thumb Code    70  stm32f4xx_gpio.o(i.GPIO_PinAFConfig)
    GPIO_ResetBits                           0x08001297   Thumb Code     4  stm32f4xx_gpio.o(i.GPIO_ResetBits)
    GPIO_SetBits                             0x0800129b   Thumb Code     4  stm32f4xx_gpio.o(i.GPIO_SetBits)
    HardFault_Handler                        0x0800129f   Thumb Code     4  stm32f4xx_it.o(i.HardFault_Handler)
    LwIP_Init                                0x080012a5   Thumb Code    66  main.o(i.LwIP_Init)
    MemManage_Handler                        0x080012fd   Thumb Code     4  stm32f4xx_it.o(i.MemManage_Handler)
    NMI_Handler                              0x08001301   Thumb Code     2  stm32f4xx_it.o(i.NMI_Handler)
    NVIC_Init                                0x08001305   Thumb Code   106  misc.o(i.NVIC_Init)
    NVIC_PriorityGroupConfig                 0x0800137d   Thumb Code    10  misc.o(i.NVIC_PriorityGroupConfig)
    RCC_AHB1PeriphClockCmd                   0x08001391   Thumb Code    26  stm32f4xx_rcc.o(i.RCC_AHB1PeriphClockCmd)
    RCC_AHB1PeriphResetCmd                   0x080013b1   Thumb Code    26  stm32f4xx_rcc.o(i.RCC_AHB1PeriphResetCmd)
    RCC_APB2PeriphClockCmd                   0x080013d1   Thumb Code    26  stm32f4xx_rcc.o(i.RCC_APB2PeriphClockCmd)
    RCC_GetClocksFreq                        0x080013f1   Thumb Code   214  stm32f4xx_rcc.o(i.RCC_GetClocksFreq)
    SYSCFG_ETH_MediaInterfaceConfig          0x080014d9   Thumb Code     6  stm32f4xx_syscfg.o(i.SYSCFG_ETH_MediaInterfaceConfig)
    SysTick_Handler                          0x080014e5   Thumb Code    46  port.o(i.SysTick_Handler)
    SystemInit                               0x08001519   Thumb Code    82  system_stm32f4xx.o(i.SystemInit)
    UsageFault_Handler                       0x0800157d   Thumb Code     4  stm32f4xx_it.o(i.UsageFault_Handler)
    dhcp_arp_reply                           0x08001661   Thumb Code    46  dhcp.o(i.dhcp_arp_reply)
    dhcp_coarse_tmr                          0x080017ad   Thumb Code    62  dhcp.o(i.dhcp_coarse_tmr)
    dhcp_fine_tmr                            0x08001aa9   Thumb Code    64  dhcp.o(i.dhcp_fine_tmr)
    dhcp_release                             0x08001cf9   Thumb Code   162  dhcp.o(i.dhcp_release)
    dhcp_renew                               0x08001da1   Thumb Code   134  dhcp.o(i.dhcp_renew)
    do_bind                                  0x08002049   Thumb Code   116  api_msg.o(i.do_bind)
    do_close                                 0x080020bd   Thumb Code   116  api_msg.o(i.do_close)
    do_delconn                               0x0800225d   Thumb Code   196  api_msg.o(i.do_delconn)
    do_listen                                0x08002321   Thumb Code   200  api_msg.o(i.do_listen)
    do_newconn                               0x080023ed   Thumb Code    32  api_msg.o(i.do_newconn)
    do_recv                                  0x0800240d   Thumb Code    72  api_msg.o(i.do_recv)
    do_write                                 0x08002455   Thumb Code   106  api_msg.o(i.do_write)
    etharp_cleanup_netif                     0x080027bd   Thumb Code    52  etharp.o(i.etharp_cleanup_netif)
    etharp_output                            0x08002995   Thumb Code   314  etharp.o(i.etharp_output)
    etharp_query                             0x08002b49   Thumb Code   338  etharp.o(i.etharp_query)
    etharp_request                           0x08002d59   Thumb Code    36  etharp.o(i.etharp_request)
    etharp_tmr                               0x08002dbd   Thumb Code   136  etharp.o(i.etharp_tmr)
    ethernet_input                           0x08002f01   Thumb Code   178  etharp.o(i.ethernet_input)
    ethernetif_init                          0x08002fb9   Thumb Code    50  ethernetif.o(i.ethernetif_init)
    fs_close                                 0x0800303d   Thumb Code    12  fs.o(i.fs_close)
    fs_open                                  0x080030b9   Thumb Code    70  fs.o(i.fs_open)
    http_server_netconn_thread               0x08003105   Thumb Code    88  http_server.o(i.http_server_netconn_thread)
    http_server_serve                        0x0800317d   Thumb Code   238  http_server.o(i.http_server_serve)
    icmp_dest_unreach                        0x080032fd   Thumb Code    18  icmp.o(i.icmp_dest_unreach)
    icmp_input                               0x08003311   Thumb Code   362  icmp.o(i.icmp_input)
    inet_chksum                              0x080034f5   Thumb Code    20  inet_chksum.o(i.inet_chksum)
    inet_chksum_pbuf                         0x08003509   Thumb Code    86  inet_chksum.o(i.inet_chksum_pbuf)
    ip4_addr_isbroadcast                     0x0800355f   Thumb Code    78  ip_addr.o(i.ip4_addr_isbroadcast)
    ip_input                                 0x080035ad   Thumb Code   414  ip.o(i.ip_input)
    ip_output                                0x08003761   Thumb Code    56  ip.o(i.ip_output)
    ip_output_if                             0x08003799   Thumb Code   170  ip.o(i.ip_output_if)
    ip_route                                 0x08003849   Thumb Code    76  ip.o(i.ip_route)
    lwip_htonl                               0x08003aa9   Thumb Code    26  def.o(i.lwip_htonl)
    lwip_htons                               0x08003ac3   Thumb Code    12  def.o(i.lwip_htons)
    lwip_init                                0x08003acf   Thumb Code    32  init.o(i.lwip_init)
    lwip_ntohl                               0x08003aef   Thumb Code    12  def.o(i.lwip_ntohl)
    lwip_ntohs                               0x08003afb   Thumb Code    12  def.o(i.lwip_ntohs)
    main                                     0x08003b65   Thumb Code   124  main.o(i.main)
    mem_free                                 0x08003c09   Thumb Code    80  mem.o(i.mem_free)
    mem_init                                 0x08003c69   Thumb Code    88  mem.o(i.mem_init)
    mem_malloc                               0x08003cd5   Thumb Code   252  mem.o(i.mem_malloc)
    mem_trim                                 0x08003de1   Thumb Code   264  mem.o(i.mem_trim)
    memp_free                                0x08003ef9   Thumb Code    28  memp.o(i.memp_free)
    memp_init                                0x08003f19   Thumb Code    82  memp.o(i.memp_init)
    memp_malloc                              0x08003f7d   Thumb Code    40  memp.o(i.memp_malloc)
    netbuf_data                              0x08003fa9   Thumb Code    64  netbuf.o(i.netbuf_data)
    netbuf_delete                            0x08003fe9   Thumb Code    32  netbuf.o(i.netbuf_delete)
    netconn_accept                           0x08004009   Thumb Code   132  api_lib.o(i.netconn_accept)
    netconn_alloc                            0x0800408d   Thumb Code   138  api_msg.o(i.netconn_alloc)
    netconn_bind                             0x08004119   Thumb Code    64  api_lib.o(i.netconn_bind)
    netconn_close                            0x0800415d   Thumb Code    14  api_lib.o(i.netconn_close)
    netconn_delete                           0x080041ad   Thumb Code    36  api_lib.o(i.netconn_delete)
    netconn_free                             0x0800427b   Thumb Code    38  api_msg.o(i.netconn_free)
    netconn_listen_with_backlog              0x080042a1   Thumb Code    56  api_lib.o(i.netconn_listen_with_backlog)
    netconn_new_with_proto_and_callback      0x080042dd   Thumb Code    90  api_lib.o(i.netconn_new_with_proto_and_callback)
    netconn_recv                             0x0800433d   Thumb Code   158  api_lib.o(i.netconn_recv)
    netconn_write_partly                     0x080044b9   Thumb Code   152  api_lib.o(i.netconn_write_partly)
    netif_add                                0x08004555   Thumb Code   102  netif.o(i.netif_add)
    netif_init                               0x080045c5   Thumb Code     2  netif.o(i.netif_init)
    netif_set_addr                           0x080045c7   Thumb Code    40  netif.o(i.netif_set_addr)
    netif_set_default                        0x080045f1   Thumb Code     6  netif.o(i.netif_set_default)
    netif_set_down                           0x080045fd   Thumb Code    42  netif.o(i.netif_set_down)
    netif_set_gw                             0x08004627   Thumb Code    12  netif.o(i.netif_set_gw)
    netif_set_ipaddr                         0x08004635   Thumb Code   110  netif.o(i.netif_set_ipaddr)
    netif_set_netmask                        0x080046ad   Thumb Code    12  netif.o(i.netif_set_netmask)
    netif_set_up                             0x080046b9   Thumb Code    54  netif.o(i.netif_set_up)
    pbuf_alloc                               0x080046ef   Thumb Code   402  pbuf.o(i.pbuf_alloc)
    pbuf_cat                                 0x08004881   Thumb Code    56  pbuf.o(i.pbuf_cat)
    pbuf_chain                               0x080048b9   Thumb Code    22  pbuf.o(i.pbuf_chain)
    pbuf_clen                                0x080048cf   Thumb Code    18  pbuf.o(i.pbuf_clen)
    pbuf_copy                                0x080048e1   Thumb Code   192  pbuf.o(i.pbuf_copy)
    pbuf_copy_partial                        0x080049a1   Thumb Code   146  pbuf.o(i.pbuf_copy_partial)
    pbuf_free                                0x08004a33   Thumb Code   110  pbuf.o(i.pbuf_free)
    pbuf_header                              0x08004aa1   Thumb Code   126  pbuf.o(i.pbuf_header)
    pbuf_realloc                             0x08004b1f   Thumb Code   120  pbuf.o(i.pbuf_realloc)
    pbuf_ref                                 0x08004b97   Thumb Code    10  pbuf.o(i.pbuf_ref)
    pvPortMalloc                             0x08005621   Thumb Code   174  heap_2.o(i.pvPortMalloc)
    pvTaskIncrementMutexHeldCount            0x080056e5   Thumb Code    26  tasks.o(i.pvTaskIncrementMutexHeldCount)
    pxPortInitialiseStack                    0x08005705   Thumb Code    38  port.o(i.pxPortInitialiseStack)
    raw_bind                                 0x08005731   Thumb Code    16  raw.o(i.raw_bind)
    raw_input                                0x08005741   Thumb Code   102  raw.o(i.raw_input)
    raw_new                                  0x080057b5   Thumb Code    42  raw.o(i.raw_new)
    raw_recv                                 0x080057e5   Thumb Code     6  raw.o(i.raw_recv)
    raw_remove                               0x080057ed   Thumb Code    60  raw.o(i.raw_remove)
    sys_arch_mbox_fetch                      0x08005a79   Thumb Code   146  sys_arch.o(i.sys_arch_mbox_fetch)
    sys_arch_mbox_tryfetch                   0x08005b11   Thumb Code    68  sys_arch.o(i.sys_arch_mbox_tryfetch)
    sys_arch_sem_wait                        0x08005b59   Thumb Code    96  sys_arch.o(i.sys_arch_sem_wait)
    sys_init                                 0x08005bb9   Thumb Code     2  sys_arch.o(i.sys_init)
    sys_mbox_free                            0x08005bbb   Thumb Code    52  sys_arch.o(i.sys_mbox_free)
    sys_mbox_new                             0x08005bef   Thumb Code    32  sys_arch.o(i.sys_mbox_new)
    sys_mbox_post                            0x08005c0f   Thumb Code    24  sys_arch.o(i.sys_mbox_post)
    sys_mbox_trypost                         0x08005c29   Thumb Code    62  sys_arch.o(i.sys_mbox_trypost)
    sys_mutex_lock                           0x08005c6d   Thumb Code    24  sys_arch.o(i.sys_mutex_lock)
    sys_mutex_new                            0x08005c85   Thumb Code    26  sys_arch.o(i.sys_mutex_new)
    sys_mutex_unlock                         0x08005c9f   Thumb Code    18  sys_arch.o(i.sys_mutex_unlock)
    sys_sem_free                             0x08005cb1   Thumb Code    12  sys_arch.o(i.sys_sem_free)
    sys_sem_new                              0x08005cbd   Thumb Code    62  sys_arch.o(i.sys_sem_new)
    sys_sem_signal                           0x08005cfd   Thumb Code    38  sys_arch.o(i.sys_sem_signal)
    sys_thread_new                           0x08005d29   Thumb Code    56  sys_arch.o(i.sys_thread_new)
    sys_timeout                              0x08005d61   Thumb Code   152  timers_1.o(i.sys_timeout)
    sys_timeouts_init                        0x08005dfd   Thumb Code    40  timers_1.o(i.sys_timeouts_init)
    sys_timeouts_mbox_fetch                  0x08005e31   Thumb Code   132  timers_1.o(i.sys_timeouts_mbox_fetch)
    sys_untimeout                            0x08005eb9   Thumb Code    90  timers_1.o(i.sys_untimeout)
    tcp_abandon                              0x08005f19   Thumb Code   136  tcp.o(i.tcp_abandon)
    tcp_abort                                0x08005fad   Thumb Code    14  tcp.o(i.tcp_abort)
    tcp_accept                               0x08005fbb   Thumb Code     4  tcp.o(i.tcp_accept)
    tcp_alloc                                0x08005fc9   Thumb Code   172  tcp.o(i.tcp_alloc)
    tcp_arg                                  0x08006085   Thumb Code     4  tcp.o(i.tcp_arg)
    tcp_bind                                 0x08006089   Thumb Code   142  tcp.o(i.tcp_bind)
    tcp_close                                0x08006121   Thumb Code    28  tcp.o(i.tcp_close)
    tcp_eff_send_mss                         0x080063b1   Thumb Code    46  tcp.o(i.tcp_eff_send_mss)
    tcp_enqueue_flags                        0x080063df   Thumb Code   272  tcp_out.o(i.tcp_enqueue_flags)
    tcp_err                                  0x080064ef   Thumb Code    10  tcp.o(i.tcp_err)
    tcp_fasttmr                              0x080064f9   Thumb Code   110  tcp.o(i.tcp_fasttmr)
    tcp_init                                 0x08006575   Thumb Code     2  tcp.o(i.tcp_init)
    tcp_input                                0x08006579   Thumb Code  1132  tcp_in.o(i.tcp_input)
    tcp_keepalive                            0x080069f5   Thumb Code    68  tcp_out.o(i.tcp_keepalive)
    tcp_listen_with_backlog                  0x08006bf9   Thumb Code   198  tcp.o(i.tcp_listen_with_backlog)
    tcp_new                                  0x08006cd1   Thumb Code    10  tcp.o(i.tcp_new)
    tcp_next_iss                             0x08006d45   Thumb Code    20  tcp.o(i.tcp_next_iss)
    tcp_output                               0x08006d61   Thumb Code   444  tcp_out.o(i.tcp_output)
    tcp_pcb_purge                            0x08007199   Thumb Code    64  tcp.o(i.tcp_pcb_purge)
    tcp_pcb_remove                           0x080071d9   Thumb Code   140  tcp.o(i.tcp_pcb_remove)
    tcp_poll                                 0x08007269   Thumb Code    14  tcp.o(i.tcp_poll)
    tcp_process_refused_data                 0x08007805   Thumb Code   140  tcp.o(i.tcp_process_refused_data)
    tcp_recv                                 0x08007ecd   Thumb Code     8  tcp.o(i.tcp_recv)
    tcp_recv_null                            0x08007ed5   Thumb Code    46  tcp.o(i.tcp_recv_null)
    tcp_recved                               0x08007f03   Thumb Code    70  tcp.o(i.tcp_recved)
    tcp_rexmit                               0x08007f49   Thumb Code    90  tcp_out.o(i.tcp_rexmit)
    tcp_rexmit_fast                          0x08007fa3   Thumb Code   112  tcp_out.o(i.tcp_rexmit_fast)
    tcp_rexmit_rto                           0x08008013   Thumb Code    58  tcp_out.o(i.tcp_rexmit_rto)
    tcp_rst                                  0x0800804d   Thumb Code   124  tcp_out.o(i.tcp_rst)
    tcp_seg_free                             0x080080c9   Thumb Code    26  tcp.o(i.tcp_seg_free)
    tcp_segs_free                            0x080080e3   Thumb Code    24  tcp.o(i.tcp_segs_free)
    tcp_send_empty_ack                       0x080080fb   Thumb Code    78  tcp_out.o(i.tcp_send_empty_ack)
    tcp_send_fin                             0x08008149   Thumb Code    74  tcp_out.o(i.tcp_send_fin)
    tcp_sent                                 0x08008193   Thumb Code     8  tcp.o(i.tcp_sent)
    tcp_shutdown                             0x0800819b   Thumb Code    98  tcp.o(i.tcp_shutdown)
    tcp_slowtmr                              0x080081fd   Thumb Code   786  tcp.o(i.tcp_slowtmr)
    tcp_timer_needed                         0x08008531   Thumb Code    38  timers_1.o(i.tcp_timer_needed)
    tcp_tmr                                  0x08008615   Thumb Code    30  tcp.o(i.tcp_tmr)
    tcp_update_rcv_ann_wnd                   0x08008639   Thumb Code    78  tcp.o(i.tcp_update_rcv_ann_wnd)
    tcp_write                                0x08008687   Thumb Code   900  tcp_out.o(i.tcp_write)
    tcp_zero_window_probe                    0x08008a7b   Thumb Code   164  tcp_out.o(i.tcp_zero_window_probe)
    tcpip_apimsg                             0x08008b21   Thumb Code    62  tcpip.o(i.tcpip_apimsg)
    tcpip_init                               0x08008b65   Thumb Code    52  tcpip.o(i.tcpip_init)
    tcpip_input                              0x08008bb9   Thumb Code    78  tcpip.o(i.tcpip_input)
    udp_bind                                 0x08008d0d   Thumb Code   122  udp.o(i.udp_bind)
    udp_init                                 0x08008d8d   Thumb Code     2  udp.o(i.udp_init)
    udp_input                                0x08008d91   Thumb Code   450  udp.o(i.udp_input)
    udp_new                                  0x08008f61   Thumb Code    28  udp.o(i.udp_new)
    udp_recv                                 0x08008fd5   Thumb Code     6  udp.o(i.udp_recv)
    udp_remove                               0x08008fdd   Thumb Code    60  udp.o(i.udp_remove)
    udp_sendto_if                            0x0800901d   Thumb Code   206  udp.o(i.udp_sendto_if)
    uxListRemove                             0x080090eb   Thumb Code    40  list.o(i.uxListRemove)
    uxQueueMessagesWaiting                   0x08009113   Thumb Code    42  queue.o(i.uxQueueMessagesWaiting)
    vApplicationIdleHook                     0x0800913d   Thumb Code     2  main.o(i.vApplicationIdleHook)
    vApplicationMallocFailedHook             0x0800913f   Thumb Code     2  main.o(i.vApplicationMallocFailedHook)
    vApplicationStackOverflowHook            0x08009141   Thumb Code     2  main.o(i.vApplicationStackOverflowHook)
    vApplicationTickHook                     0x08009143   Thumb Code     2  main.o(i.vApplicationTickHook)
    vListInitialise                          0x08009145   Thumb Code    26  list.o(i.vListInitialise)
    vListInitialiseItem                      0x0800915f   Thumb Code     6  list.o(i.vListInitialiseItem)
    vListInsert                              0x08009165   Thumb Code    52  list.o(i.vListInsert)
    vListInsertEnd                           0x08009199   Thumb Code    24  list.o(i.vListInsertEnd)
    vPortEnterCritical                       0x080091b1   Thumb Code    76  port.o(i.vPortEnterCritical)
    vPortExitCritical                        0x08009205   Thumb Code    56  port.o(i.vPortExitCritical)
    vPortFree                                0x08009241   Thumb Code    56  heap_2.o(i.vPortFree)
    vPortSetupTimerInterrupt                 0x08009281   Thumb Code    26  port.o(i.vPortSetupTimerInterrupt)
    vPortValidateInterruptPriority           0x080092a1   Thumb Code   106  port.o(i.vPortValidateInterruptPriority)
    vQueueAddToRegistry                      0x08009319   Thumb Code    38  queue.o(i.vQueueAddToRegistry)
    vQueueDelete                             0x08009345   Thumb Code    44  queue.o(i.vQueueDelete)
    vQueueUnregisterQueue                    0x08009371   Thumb Code    44  queue.o(i.vQueueUnregisterQueue)
    vQueueWaitForMessageRestricted           0x080093a1   Thumb Code    74  queue.o(i.vQueueWaitForMessageRestricted)
    vTaskDelay                               0x080093ed   Thumb Code    82  tasks.o(i.vTaskDelay)
    vTaskLED1                                0x08009449   Thumb Code    40  main.o(i.vTaskLED1)
    vTaskLED2                                0x08009475   Thumb Code    40  main.o(i.vTaskLED2)
    vTaskMissedYield                         0x080094a1   Thumb Code     8  tasks.o(i.vTaskMissedYield)
    vTaskPlaceOnEventList                    0x080094ad   Thumb Code    52  tasks.o(i.vTaskPlaceOnEventList)
    vTaskPlaceOnEventListRestricted          0x080094e5   Thumb Code    60  tasks.o(i.vTaskPlaceOnEventListRestricted)
    vTaskPriorityInherit                     0x08009525   Thumb Code   164  tasks.o(i.vTaskPriorityInherit)
    vTaskSetTimeOutState                     0x080095d5   Thumb Code    38  tasks.o(i.vTaskSetTimeOutState)
    vTaskStartScheduler                      0x08009605   Thumb Code   118  tasks.o(i.vTaskStartScheduler)
    vTaskSuspendAll                          0x08009699   Thumb Code    12  tasks.o(i.vTaskSuspendAll)
    vTaskSwitchContext                       0x080096a9   Thumb Code   174  tasks.o(i.vTaskSwitchContext)
    xPortStartScheduler                      0x0800976d   Thumb Code   288  port.o(i.xPortStartScheduler)
    xQueueCreateCountingSemaphore            0x080098a9   Thumb Code    92  queue.o(i.xQueueCreateCountingSemaphore)
    xQueueCreateMutex                        0x08009905   Thumb Code    34  queue.o(i.xQueueCreateMutex)
    xQueueGenericCreate                      0x08009927   Thumb Code    88  queue.o(i.xQueueGenericCreate)
    xQueueGenericReceive                     0x08009981   Thumb Code   446  queue.o(i.xQueueGenericReceive)
    xQueueGenericReset                       0x08009b45   Thumb Code   146  queue.o(i.xQueueGenericReset)
    xQueueGenericSend                        0x08009bdd   Thumb Code   420  queue.o(i.xQueueGenericSend)
    xQueueGenericSendFromISR                 0x08009d85   Thumb Code   248  queue.o(i.xQueueGenericSendFromISR)
    xQueueGiveFromISR                        0x08009e7d   Thumb Code   224  queue.o(i.xQueueGiveFromISR)
    xQueueReceiveFromISR                     0x08009f5d   Thumb Code   202  queue.o(i.xQueueReceiveFromISR)
    xTaskCheckForTimeOut                     0x0800a029   Thumb Code   132  tasks.o(i.xTaskCheckForTimeOut)
    xTaskCreate                              0x0800a0b5   Thumb Code    96  tasks.o(i.xTaskCreate)
    xTaskGetSchedulerState                   0x0800a115   Thumb Code    24  tasks.o(i.xTaskGetSchedulerState)
    xTaskGetTickCount                        0x0800a135   Thumb Code     6  tasks.o(i.xTaskGetTickCount)
    xTaskIncrementTick                       0x0800a141   Thumb Code   296  tasks.o(i.xTaskIncrementTick)
    xTaskPriorityDisinherit                  0x0800a295   Thumb Code   188  tasks.o(i.xTaskPriorityDisinherit)
    xTaskRemoveFromEventList                 0x0800a35d   Thumb Code   128  tasks.o(i.xTaskRemoveFromEventList)
    xTaskResumeAll                           0x0800a3f5   Thumb Code   224  tasks.o(i.xTaskResumeAll)
    xTimerCreateTimerTask                    0x0800a4f9   Thumb Code    66  timers.o(i.xTimerCreateTimerTask)
    xTimerGenericCommand                     0x0800a551   Thumb Code   126  timers.o(i.xTimerGenericCommand)
    _fp_init                                 0x0800a5d5   Thumb Code    10  fpinit.o(x$fpl$fpinit)
    __fplib_config_fpu_vfp                   0x0800a5dd   Thumb Code     0  fpinit.o(x$fpl$fpinit)
    __fplib_config_pureend_doubles           0x0800a5dd   Thumb Code     0  fpinit.o(x$fpl$fpinit)
    file__css_style_css                      0x0800be5c   Data          20  fs.o(.constdata)
    file__js_first_attr_js                   0x0800be70   Data          20  fs.o(.constdata)
    file__index_attr_html                    0x0800be84   Data          20  fs.o(.constdata)
    ip_addr_any                              0x0800be98   Data           4  ip_addr.o(.constdata)
    ip_addr_broadcast                        0x0800be9c   Data           4  ip_addr.o(.constdata)
    tcp_state_str                            0x0800bed0   Data          44  tcp.o(.constdata)
    tcp_backoff                              0x0800befc   Data          13  tcp.o(.constdata)
    tcp_persist_backoff                      0x0800bf09   Data           7  tcp.o(.constdata)
    tcp_pcb_lists                            0x0800bf10   Data          16  tcp.o(.constdata)
    ethbroadcast                             0x0800bf20   Data           6  etharp.o(.constdata)
    ethzero                                  0x0800bf26   Data           6  etharp.o(.constdata)
    Region$$Table$$Base                      0x0800bfa4   Number         0  anon$$obj.o(Region$$Table)
    Region$$Table$$Limit                     0x0800bfc4   Number         0  anon$$obj.o(Region$$Table)
    pxCurrentTCB                             0x20000034   Data           4  tasks.o(.data)
    current_netif                            0x20000090   Data           4  ip.o(.data)
    current_header                           0x20000094   Data           4  ip.o(.data)
    current_iphdr_src                        0x20000098   Data           4  ip.o(.data)
    current_iphdr_dest                       0x2000009c   Data           4  ip.o(.data)
    netif_list                               0x200000b8   Data           4  netif.o(.data)
    netif_default                            0x200000bc   Data           4  netif.o(.data)
    tcp_ticks                                0x200000cc   Data           4  tcp.o(.data)
    tcp_bound_pcbs                           0x200000d0   Data           4  tcp.o(.data)
    tcp_listen_pcbs                          0x200000d4   Data           4  tcp.o(.data)
    tcp_active_pcbs                          0x200000d8   Data           4  tcp.o(.data)
    tcp_tw_pcbs                              0x200000dc   Data           4  tcp.o(.data)
    tcp_tmp_pcb                              0x200000e0   Data           4  tcp.o(.data)
    tcp_active_pcbs_changed                  0x200000e4   Data           1  tcp.o(.data)
    tcp_input_pcb                            0x20000108   Data           4  tcp_in.o(.data)
    udp_pcbs                                 0x20000118   Data           4  udp.o(.data)
    s_xSemaphore                             0x20000124   Data           4  ethernetif.o(.data)
    xInsideISR                               0x2000012c   Data           4  sys_arch.o(.data)
    EthInitStatus                            0x20000130   Data           4  stm32f4x7_eth_bsp.o(.data)
    DMATxDescToSet                           0x20000134   Data           4  stm32f4x7_eth.o(.data)
    DMARxDescToGet                           0x20000138   Data           4  stm32f4x7_eth.o(.data)
    DMA_RX_FRAME_infos                       0x2000013c   Data           4  stm32f4x7_eth.o(.data)
    Frame_Rx_index                           0x20000140   Data           4  stm32f4x7_eth.o(.data)
    SystemCoreClock                          0x20000144   Data           4  system_stm32f4xx.o(.data)
    xnetif                                   0x20000148   Data          52  main.o(.bss)
    fs_memory                                0x2000017c   Data         240  fs.o(.bss)
    xQueueRegistry                           0x20012e6c   Data          64  queue.o(.bss)
    ram_heap                                 0x20012f9c   Data        5140  mem.o(.bss)
    DMARxDscrTab                             0x20016f20   Data         160  stm32f4x7_eth.o(.bss)
    DMATxDscrTab                             0x20016fc0   Data         160  stm32f4x7_eth.o(.bss)
    Rx_Buff                                  0x20017060   Data        7620  stm32f4x7_eth.o(.bss)
    Tx_Buff                                  0x20018e24   Data        7620  stm32f4x7_eth.o(.bss)
    RX_Frame_Descriptor                      0x2001abe8   Data          12  stm32f4x7_eth.o(.bss)
    __libspace_start                         0x2001abf4   Data          96  libspace.o(.bss)
    __temporary_stack_top$libspace           0x2001ac54   Data           0  libspace.o(.bss)



==============================================================================

Memory Map of the image

  Image Entry point : 0x08000305

  Load Region LR_1 (Base: 0x08000000, Size: 0x0000c10c, Max: 0xffffffff, ABSOLUTE, COMPRESSED[0x0000bff0])

    Execution Region ER_RO (Base: 0x08000000, Size: 0x0000bfc4, Max: 0xffffffff, ABSOLUTE)

    Base Addr    Size         Type   Attr      Idx    E Section Name        Object

    0x08000000   0x00000188   Data   RO         9515    RESET               startup_stm32f407xx.o
    0x08000188   0x00000008   Code   RO         9611  * !!!main             c_w.l(__main.o)
    0x08000190   0x00000034   Code   RO         9779    !!!scatter          c_w.l(__scatter.o)
    0x080001c4   0x0000003a   Code   RO         9777    !!dczerorl          c_w.l(__dczerorl.o)
    0x080001fe   0x00000002   PAD
    0x08000200   0x0000001c   Code   RO         9781    !!handler_zi        c_w.l(__scatter_zi.o)
    0x0800021c   0x00000002   Code   RO         9647    .ARM.Collect$$libinit$$00000000  c_w.l(libinit.o)
    0x0800021e   0x00000004   Code   RO         9653    .ARM.Collect$$libinit$$00000001  c_w.l(libinit2.o)
    0x08000222   0x00000000   Code   RO         9656    .ARM.Collect$$libinit$$00000004  c_w.l(libinit2.o)
    0x08000222   0x00000000   Code   RO         9659    .ARM.Collect$$libinit$$0000000A  c_w.l(libinit2.o)
    0x08000222   0x00000000   Code   RO         9661    .ARM.Collect$$libinit$$0000000C  c_w.l(libinit2.o)
    0x08000222   0x00000000   Code   RO         9663    .ARM.Collect$$libinit$$0000000E  c_w.l(libinit2.o)
    0x08000222   0x00000000   Code   RO         9666    .ARM.Collect$$libinit$$00000011  c_w.l(libinit2.o)
    0x08000222   0x00000000   Code   RO         9668    .ARM.Collect$$libinit$$00000013  c_w.l(libinit2.o)
    0x08000222   0x00000000   Code   RO         9670    .ARM.Collect$$libinit$$00000015  c_w.l(libinit2.o)
    0x08000222   0x00000000   Code   RO         9672    .ARM.Collect$$libinit$$00000017  c_w.l(libinit2.o)
    0x08000222   0x00000000   Code   RO         9674    .ARM.Collect$$libinit$$00000019  c_w.l(libinit2.o)
    0x08000222   0x00000000   Code   RO         9676    .ARM.Collect$$libinit$$0000001B  c_w.l(libinit2.o)
    0x08000222   0x00000000   Code   RO         9678    .ARM.Collect$$libinit$$0000001D  c_w.l(libinit2.o)
    0x08000222   0x00000000   Code   RO         9680    .ARM.Collect$$libinit$$0000001F  c_w.l(libinit2.o)
    0x08000222   0x00000000   Code   RO         9682    .ARM.Collect$$libinit$$00000021  c_w.l(libinit2.o)
    0x08000222   0x00000000   Code   RO         9684    .ARM.Collect$$libinit$$00000023  c_w.l(libinit2.o)
    0x08000222   0x00000000   Code   RO         9686    .ARM.Collect$$libinit$$00000025  c_w.l(libinit2.o)
    0x08000222   0x00000000   Code   RO         9690    .ARM.Collect$$libinit$$0000002C  c_w.l(libinit2.o)
    0x08000222   0x00000000   Code   RO         9692    .ARM.Collect$$libinit$$0000002E  c_w.l(libinit2.o)
    0x08000222   0x00000000   Code   RO         9694    .ARM.Collect$$libinit$$00000030  c_w.l(libinit2.o)
    0x08000222   0x00000000   Code   RO         9696    .ARM.Collect$$libinit$$00000032  c_w.l(libinit2.o)
    0x08000222   0x00000002   Code   RO         9697    .ARM.Collect$$libinit$$00000033  c_w.l(libinit2.o)
    0x08000224   0x00000002   Code   RO         9717    .ARM.Collect$$libshutdown$$00000000  c_w.l(libshutdown.o)
    0x08000226   0x00000000   Code   RO         9730    .ARM.Collect$$libshutdown$$00000002  c_w.l(libshutdown2.o)
    0x08000226   0x00000000   Code   RO         9732    .ARM.Collect$$libshutdown$$00000004  c_w.l(libshutdown2.o)
    0x08000226   0x00000000   Code   RO         9735    .ARM.Collect$$libshutdown$$00000007  c_w.l(libshutdown2.o)
    0x08000226   0x00000000   Code   RO         9738    .ARM.Collect$$libshutdown$$0000000A  c_w.l(libshutdown2.o)
    0x08000226   0x00000000   Code   RO         9740    .ARM.Collect$$libshutdown$$0000000C  c_w.l(libshutdown2.o)
    0x08000226   0x00000000   Code   RO         9743    .ARM.Collect$$libshutdown$$0000000F  c_w.l(libshutdown2.o)
    0x08000226   0x00000002   Code   RO         9744    .ARM.Collect$$libshutdown$$00000010  c_w.l(libshutdown2.o)
    0x08000228   0x00000000   Code   RO         9613    .ARM.Collect$$rtentry$$00000000  c_w.l(__rtentry.o)
    0x08000228   0x00000000   Code   RO         9622    .ARM.Collect$$rtentry$$00000002  c_w.l(__rtentry2.o)
    0x08000228   0x00000006   Code   RO         9634    .ARM.Collect$$rtentry$$00000004  c_w.l(__rtentry4.o)
    0x0800022e   0x00000000   Code   RO         9624    .ARM.Collect$$rtentry$$00000009  c_w.l(__rtentry2.o)
    0x0800022e   0x00000004   Code   RO         9625    .ARM.Collect$$rtentry$$0000000A  c_w.l(__rtentry2.o)
    0x08000232   0x00000000   Code   RO         9627    .ARM.Collect$$rtentry$$0000000C  c_w.l(__rtentry2.o)
    0x08000232   0x00000008   Code   RO         9628    .ARM.Collect$$rtentry$$0000000D  c_w.l(__rtentry2.o)
    0x0800023a   0x00000002   Code   RO         9651    .ARM.Collect$$rtexit$$00000000  c_w.l(rtexit.o)
    0x0800023c   0x00000000   Code   RO         9699    .ARM.Collect$$rtexit$$00000002  c_w.l(rtexit2.o)
    0x0800023c   0x00000004   Code   RO         9700    .ARM.Collect$$rtexit$$00000003  c_w.l(rtexit2.o)
    0x08000240   0x00000006   Code   RO         9701    .ARM.Collect$$rtexit$$00000004  c_w.l(rtexit2.o)
    0x08000246   0x00000002   PAD
    0x08000248   0x000000ba   Code   RO         5994    .emb_text           port.o
    0x08000302   0x00000002   PAD
    0x08000304   0x00000040   Code   RO         9516  * .text               startup_stm32f407xx.o
    0x08000344   0x00000058   Code   RO         9589    .text               c_w.l(memcmp.o)
    0x0800039c   0x00000096   Code   RO         9593    .text               c_w.l(strncmp.o)
    0x08000432   0x0000008a   Code   RO         9597    .text               c_w.l(rt_memcpy_v6.o)
    0x080004bc   0x00000064   Code   RO         9599    .text               c_w.l(rt_memcpy_w.o)
    0x08000520   0x00000010   Code   RO         9601    .text               c_w.l(aeabi_memset.o)
    0x08000530   0x00000044   Code   RO         9603    .text               c_w.l(rt_memclr.o)
    0x08000574   0x0000004e   Code   RO         9605    .text               c_w.l(rt_memclr_w.o)
    0x080005c2   0x00000002   PAD
    0x080005c4   0x00000080   Code   RO         9607    .text               c_w.l(strcmpv7m.o)
    0x08000644   0x00000006   Code   RO         9609    .text               c_w.l(heapauxi.o)
    0x0800064a   0x0000004a   Code   RO         9638    .text               c_w.l(sys_stackheap_outer.o)
    0x08000694   0x00000012   Code   RO         9640    .text               c_w.l(exit.o)
    0x080006a6   0x00000002   PAD
    0x080006a8   0x00000008   Code   RO         9648    .text               c_w.l(libspace.o)
    0x080006b0   0x0000000c   Code   RO         9709    .text               c_w.l(sys_exit.o)
    0x080006bc   0x00000002   Code   RO         9720    .text               c_w.l(use_no_semi.o)
    0x080006be   0x00000000   Code   RO         9722    .text               c_w.l(indicate_semi.o)
    0x080006be   0x00000004   Code   RO         5555    i.BusFault_Handler  stm32f4xx_it.o
    0x080006c2   0x00000002   Code   RO         5556    i.DebugMon_Handler  stm32f4xx_it.o
    0x080006c4   0x00000020   Code   RO         8949    i.ETH_BSP_Config    stm32f4x7_eth_bsp.o
    0x080006e4   0x0000000c   Code   RO         8994    i.ETH_DMAClearITPendingBit  stm32f4x7_eth.o
    0x080006f0   0x00000020   Code   RO         8995    i.ETH_DMAITConfig   stm32f4x7_eth.o
    0x08000710   0x00000024   Code   RO         8996    i.ETH_DMAReceptionCmd  stm32f4x7_eth.o
    0x08000734   0x00000064   Code   RO         8997    i.ETH_DMARxDescChainInit  stm32f4x7_eth.o
    0x08000798   0x00000016   Code   RO         8998    i.ETH_DMARxDescReceiveITConfig  stm32f4x7_eth.o
    0x080007ae   0x00000002   PAD
    0x080007b0   0x00000024   Code   RO         8999    i.ETH_DMATransmissionCmd  stm32f4x7_eth.o
    0x080007d4   0x00000050   Code   RO         9002    i.ETH_DMATxDescChainInit  stm32f4x7_eth.o
    0x08000824   0x00000008   Code   RO         9003    i.ETH_DMATxDescChecksumInsertionConfig  stm32f4x7_eth.o
    0x0800082c   0x00000016   Code   RO         9008    i.ETH_DeInit        stm32f4x7_eth.o
    0x08000842   0x0000001c   Code   RO         9009    i.ETH_Delay         stm32f4x7_eth.o
    0x0800085e   0x00000002   PAD
    0x08000860   0x00000014   Code   RO         9011    i.ETH_FlushTransmitFIFO  stm32f4x7_eth.o
    0x08000874   0x0000012c   Code   RO         8950    i.ETH_GPIO_Config   stm32f4x7_eth_bsp.o
    0x080009a0   0x00000018   Code   RO         9017    i.ETH_GetDMAFlagStatus  stm32f4x7_eth.o
    0x080009b8   0x00000018   Code   RO         9037    i.ETH_GetSoftwareResetStatus  stm32f4x7_eth.o
    0x080009d0   0x00000114   Code   RO         9040    i.ETH_Get_Received_Frame_interrupt  stm32f4x7_eth.o
    0x08000ae4   0x0000004c   Code   RO         5557    i.ETH_IRQHandler    stm32f4xx_it.o
    0x08000b30   0x000002b8   Code   RO         9042    i.ETH_Init          stm32f4x7_eth.o
    0x08000de8   0x00000034   Code   RO         9044    i.ETH_MACAddressConfig  stm32f4x7_eth.o
    0x08000e1c   0x0000008c   Code   RO         8951    i.ETH_MACDMA_Config  stm32f4x7_eth_bsp.o
    0x08000ea8   0x00000024   Code   RO         9049    i.ETH_MACReceptionCmd  stm32f4x7_eth.o
    0x08000ecc   0x00000024   Code   RO         9050    i.ETH_MACTransmissionCmd  stm32f4x7_eth.o
    0x08000ef0   0x0000002a   Code   RO         8952    i.ETH_NVIC_Config   stm32f4x7_eth_bsp.o
    0x08000f1a   0x00000002   PAD
    0x08000f1c   0x000000e8   Code   RO         9061    i.ETH_Prepare_Transmit_Descriptors  stm32f4x7_eth.o
    0x08001004   0x0000006c   Code   RO         9062    i.ETH_ReadPHYRegister  stm32f4x7_eth.o
    0x08001070   0x00000014   Code   RO         9070    i.ETH_SoftwareReset  stm32f4x7_eth.o
    0x08001084   0x00000020   Code   RO         9071    i.ETH_Start         stm32f4x7_eth.o
    0x080010a4   0x000000b2   Code   RO         9072    i.ETH_StructInit    stm32f4x7_eth.o
    0x08001156   0x00000002   PAD
    0x08001158   0x00000068   Code   RO         9074    i.ETH_WritePHYRegister  stm32f4x7_eth.o
    0x080011c0   0x00000090   Code   RO         2022    i.GPIO_Init         stm32f4xx_gpio.o
    0x08001250   0x00000046   Code   RO         2023    i.GPIO_PinAFConfig  stm32f4xx_gpio.o
    0x08001296   0x00000004   Code   RO         2029    i.GPIO_ResetBits    stm32f4xx_gpio.o
    0x0800129a   0x00000004   Code   RO         2030    i.GPIO_SetBits      stm32f4xx_gpio.o
    0x0800129e   0x00000004   Code   RO         5558    i.HardFault_Handler  stm32f4xx_it.o
    0x080012a2   0x00000002   PAD
    0x080012a4   0x00000058   Code   RO         5191    i.LwIP_Init         main.o
    0x080012fc   0x00000004   Code   RO         5559    i.MemManage_Handler  stm32f4xx_it.o
    0x08001300   0x00000002   Code   RO         5560    i.NMI_Handler       stm32f4xx_it.o
    0x08001302   0x00000002   PAD
    0x08001304   0x00000078   Code   RO            4    i.NVIC_Init         misc.o
    0x0800137c   0x00000014   Code   RO            5    i.NVIC_PriorityGroupConfig  misc.o
    0x08001390   0x00000020   Code   RO         2963    i.RCC_AHB1PeriphClockCmd  stm32f4xx_rcc.o
    0x080013b0   0x00000020   Code   RO         2965    i.RCC_AHB1PeriphResetCmd  stm32f4xx_rcc.o
    0x080013d0   0x00000020   Code   RO         2975    i.RCC_APB2PeriphClockCmd  stm32f4xx_rcc.o
    0x080013f0   0x000000e8   Code   RO         2984    i.RCC_GetClocksFreq  stm32f4xx_rcc.o
    0x080014d8   0x0000000c   Code   RO         4297    i.SYSCFG_ETH_MediaInterfaceConfig  stm32f4xx_syscfg.o
    0x080014e4   0x00000034   Code   RO         5995    i.SysTick_Handler   port.o
    0x08001518   0x00000064   Code   RO         9524    i.SystemInit        system_stm32f4xx.o
    0x0800157c   0x00000004   Code   RO         5561    i.UsageFault_Handler  stm32f4xx_it.o
    0x08001580   0x000000a6   Code   RO         6919    i.accept_function   api_msg.o
    0x08001626   0x00000002   PAD
    0x08001628   0x0000001c   Code   RO         8476    i.arp_timer         timers_1.o
    0x08001644   0x0000001c   Code   RO         8755    i.arp_timer         ethernetif.o
    0x08001660   0x0000002e   Code   RO         7517    i.dhcp_arp_reply    dhcp.o
    0x0800168e   0x000000e4   Code   RO         7518    i.dhcp_bind         dhcp.o
    0x08001772   0x00000038   Code   RO         7519    i.dhcp_check        dhcp.o
    0x080017aa   0x00000002   PAD
    0x080017ac   0x00000044   Code   RO         7521    i.dhcp_coarse_tmr   dhcp.o
    0x080017f0   0x00000148   Code   RO         7522    i.dhcp_create_msg   dhcp.o
    0x08001938   0x00000084   Code   RO         7523    i.dhcp_decline      dhcp.o
    0x080019bc   0x00000028   Code   RO         7524    i.dhcp_delete_msg   dhcp.o
    0x080019e4   0x000000c4   Code   RO         7525    i.dhcp_discover     dhcp.o
    0x08001aa8   0x00000044   Code   RO         7526    i.dhcp_fine_tmr     dhcp.o
    0x08001aec   0x00000020   Code   RO         7532    i.dhcp_option       dhcp.o
    0x08001b0c   0x00000012   Code   RO         7533    i.dhcp_option_byte  dhcp.o
    0x08001b1e   0x00000042   Code   RO         7534    i.dhcp_option_long  dhcp.o
    0x08001b60   0x00000022   Code   RO         7535    i.dhcp_option_short  dhcp.o
    0x08001b82   0x00000046   Code   RO         7536    i.dhcp_option_trailer  dhcp.o
    0x08001bc8   0x00000088   Code   RO         7538    i.dhcp_rebind       dhcp.o
    0x08001c50   0x000000a8   Code   RO         7539    i.dhcp_reboot       dhcp.o
    0x08001cf8   0x000000a8   Code   RO         7541    i.dhcp_release      dhcp.o
    0x08001da0   0x00000086   Code   RO         7542    i.dhcp_renew        dhcp.o
    0x08001e26   0x00000002   PAD
    0x08001e28   0x000000f4   Code   RO         7543    i.dhcp_select       dhcp.o
    0x08001f1c   0x00000010   Code   RO         7544    i.dhcp_set_state    dhcp.o
    0x08001f2c   0x00000020   Code   RO         7548    i.dhcp_t1_timeout   dhcp.o
    0x08001f4c   0x00000020   Code   RO         7549    i.dhcp_t2_timeout   dhcp.o
    0x08001f6c   0x000000a4   Code   RO         7550    i.dhcp_timeout      dhcp.o
    0x08002010   0x0000001c   Code   RO         8477    i.dhcp_timer_coarse  timers_1.o
    0x0800202c   0x0000001c   Code   RO         8478    i.dhcp_timer_fine   timers_1.o
    0x08002048   0x00000074   Code   RO         6920    i.do_bind           api_msg.o
    0x080020bc   0x00000074   Code   RO         6921    i.do_close          api_msg.o
    0x08002130   0x0000012c   Code   RO         6922    i.do_close_internal  api_msg.o
    0x0800225c   0x000000c4   Code   RO         6925    i.do_delconn        api_msg.o
    0x08002320   0x000000cc   Code   RO         6928    i.do_listen         api_msg.o
    0x080023ec   0x00000020   Code   RO         6929    i.do_newconn        api_msg.o
    0x0800240c   0x00000048   Code   RO         6930    i.do_recv           api_msg.o
    0x08002454   0x0000006a   Code   RO         6932    i.do_write          api_msg.o
    0x080024be   0x00000140   Code   RO         6933    i.do_writemore      api_msg.o
    0x080025fe   0x000000b0   Code   RO         6934    i.err_tcp           api_msg.o
    0x080026ae   0x0000010c   Code   RO         8652    i.etharp_arp_input  etharp.o
    0x080027ba   0x00000002   PAD
    0x080027bc   0x00000038   Code   RO         8653    i.etharp_cleanup_netif  etharp.o
    0x080027f4   0x00000160   Code   RO         8655    i.etharp_find_entry  etharp.o
    0x08002954   0x00000040   Code   RO         8656    i.etharp_free_entry  etharp.o
    0x08002994   0x00000148   Code   RO         8657    i.etharp_output     etharp.o
    0x08002adc   0x0000006c   Code   RO         8658    i.etharp_output_to_arp_index  etharp.o
    0x08002b48   0x0000015c   Code   RO         8659    i.etharp_query      etharp.o
    0x08002ca4   0x000000b2   Code   RO         8660    i.etharp_raw        etharp.o
    0x08002d56   0x00000002   PAD
    0x08002d58   0x0000002c   Code   RO         8661    i.etharp_request    etharp.o
    0x08002d84   0x00000038   Code   RO         8662    i.etharp_send_ip    etharp.o
    0x08002dbc   0x0000008c   Code   RO         8663    i.etharp_tmr        etharp.o
    0x08002e48   0x000000b8   Code   RO         8664    i.etharp_update_arp_entry  etharp.o
    0x08002f00   0x000000b8   Code   RO         8665    i.ethernet_input    etharp.o
    0x08002fb8   0x00000040   Code   RO         8756    i.ethernetif_init   ethernetif.o
    0x08002ff8   0x00000044   Code   RO         8757    i.ethernetif_input  ethernetif.o
    0x0800303c   0x0000000c   Code   RO         5747    i.fs_close          fs.o
    0x08003048   0x00000034   Code   RO         5748    i.fs_free           fs.o
    0x0800307c   0x0000003c   Code   RO         5749    i.fs_malloc         fs.o
    0x080030b8   0x0000004c   Code   RO         5750    i.fs_open           fs.o
    0x08003104   0x00000078   Code   RO         5484    i.http_server_netconn_thread  http_server.o
    0x0800317c   0x00000180   Code   RO         5485    i.http_server_serve  http_server.o
    0x080032fc   0x00000012   Code   RO         7277    i.icmp_dest_unreach  icmp.o
    0x0800330e   0x00000002   PAD
    0x08003310   0x00000174   Code   RO         7278    i.icmp_input        icmp.o
    0x08003484   0x00000070   Code   RO         7279    i.icmp_send_response  icmp.o
    0x080034f4   0x00000014   Code   RO         7324    i.inet_chksum       inet_chksum.o
    0x08003508   0x00000056   Code   RO         7325    i.inet_chksum_pbuf  inet_chksum.o
    0x0800355e   0x0000004e   Code   RO         7428    i.ip4_addr_isbroadcast  ip_addr.o
    0x080035ac   0x000001b4   Code   RO         7359    i.ip_input          ip.o
    0x08003760   0x00000038   Code   RO         7360    i.ip_output         ip.o
    0x08003798   0x000000b0   Code   RO         7361    i.ip_output_if      ip.o
    0x08003848   0x00000054   Code   RO         7362    i.ip_route          ip.o
    0x0800389c   0x000000d4   Code   RO         8758    i.low_level_init    ethernetif.o
    0x08003970   0x000000b4   Code   RO         8759    i.low_level_input   ethernetif.o
    0x08003a24   0x00000084   Code   RO         8760    i.low_level_output  ethernetif.o
    0x08003aa8   0x0000001a   Code   RO         7487    i.lwip_htonl        def.o
    0x08003ac2   0x0000000c   Code   RO         7488    i.lwip_htons        def.o
    0x08003ace   0x00000020   Code   RO         7718    i.lwip_init         init.o
    0x08003aee   0x0000000c   Code   RO         7489    i.lwip_ntohl        def.o
    0x08003afa   0x0000000c   Code   RO         7490    i.lwip_ntohs        def.o
    0x08003b06   0x0000005e   Code   RO         7328    i.lwip_standard_chksum  inet_chksum.o
    0x08003b64   0x000000a4   Code   RO         5192    i.main              main.o
    0x08003c08   0x00000060   Code   RO         7743    i.mem_free          mem.o
    0x08003c68   0x0000006c   Code   RO         7744    i.mem_init          mem.o
    0x08003cd4   0x0000010c   Code   RO         7745    i.mem_malloc        mem.o
    0x08003de0   0x00000118   Code   RO         7746    i.mem_trim          mem.o
    0x08003ef8   0x00000020   Code   RO         7787    i.memp_free         memp.o
    0x08003f18   0x00000064   Code   RO         7788    i.memp_init         memp.o
    0x08003f7c   0x0000002c   Code   RO         7789    i.memp_malloc       memp.o
    0x08003fa8   0x00000040   Code   RO         7079    i.netbuf_data       netbuf.o
    0x08003fe8   0x00000020   Code   RO         7080    i.netbuf_delete     netbuf.o
    0x08004008   0x00000084   Code   RO         6746    i.netconn_accept    api_lib.o
    0x0800408c   0x0000008a   Code   RO         6935    i.netconn_alloc     api_msg.o
    0x08004116   0x00000002   PAD
    0x08004118   0x00000044   Code   RO         6747    i.netconn_bind      api_lib.o
    0x0800415c   0x0000000e   Code   RO         6748    i.netconn_close     api_lib.o
    0x0800416a   0x00000002   PAD
    0x0800416c   0x00000040   Code   RO         6749    i.netconn_close_shutdown  api_lib.o
    0x080041ac   0x00000028   Code   RO         6751    i.netconn_delete    api_lib.o
    0x080041d4   0x000000a6   Code   RO         6936    i.netconn_drain     api_msg.o
    0x0800427a   0x00000026   Code   RO         6937    i.netconn_free      api_msg.o
    0x080042a0   0x0000003c   Code   RO         6754    i.netconn_listen_with_backlog  api_lib.o
    0x080042dc   0x00000060   Code   RO         6755    i.netconn_new_with_proto_and_callback  api_lib.o
    0x0800433c   0x0000009e   Code   RO         6756    i.netconn_recv      api_lib.o
    0x080043da   0x00000002   PAD
    0x080043dc   0x000000dc   Code   RO         6757    i.netconn_recv_data  api_lib.o
    0x080044b8   0x0000009c   Code   RO         6763    i.netconn_write_partly  api_lib.o
    0x08004554   0x00000070   Code   RO         7826    i.netif_add         netif.o
    0x080045c4   0x00000002   Code   RO         7828    i.netif_init        netif.o
    0x080045c6   0x00000028   Code   RO         7830    i.netif_set_addr    netif.o
    0x080045ee   0x00000002   PAD
    0x080045f0   0x0000000c   Code   RO         7831    i.netif_set_default  netif.o
    0x080045fc   0x0000002a   Code   RO         7832    i.netif_set_down    netif.o
    0x08004626   0x0000000c   Code   RO         7833    i.netif_set_gw      netif.o
    0x08004632   0x00000002   PAD
    0x08004634   0x00000078   Code   RO         7834    i.netif_set_ipaddr  netif.o
    0x080046ac   0x0000000c   Code   RO         7837    i.netif_set_netmask  netif.o
    0x080046b8   0x00000036   Code   RO         7838    i.netif_set_up      netif.o
    0x080046ee   0x00000192   Code   RO         7920    i.pbuf_alloc        pbuf.o
    0x08004880   0x00000038   Code   RO         7921    i.pbuf_cat          pbuf.o
    0x080048b8   0x00000016   Code   RO         7922    i.pbuf_chain        pbuf.o
    0x080048ce   0x00000012   Code   RO         7923    i.pbuf_clen         pbuf.o
    0x080048e0   0x000000c0   Code   RO         7925    i.pbuf_copy         pbuf.o
    0x080049a0   0x00000092   Code   RO         7926    i.pbuf_copy_partial  pbuf.o
    0x08004a32   0x0000006e   Code   RO         7928    i.pbuf_free         pbuf.o
    0x08004aa0   0x0000007e   Code   RO         7930    i.pbuf_header       pbuf.o
    0x08004b1e   0x00000078   Code   RO         7933    i.pbuf_realloc      pbuf.o
    0x08004b96   0x0000000a   Code   RO         7934    i.pbuf_ref          pbuf.o
    0x08004ba0   0x0000009c   Code   RO         6938    i.pcb_new           api_msg.o
    0x08004c3c   0x00000088   Code   RO         7747    i.plug_holes        mem.o
    0x08004cc4   0x00000064   Code   RO         6939    i.poll_tcp          api_msg.o
    0x08004d28   0x00000098   Code   RO         6279    i.prvAddCurrentTaskToDelayedList  tasks.o
    0x08004dc0   0x000000b8   Code   RO         6280    i.prvAddNewTaskToReadyList  tasks.o
    0x08004e78   0x00000064   Code   RO         6616    i.prvCheckForValidListAndQueue  timers.o
    0x08004edc   0x00000064   Code   RO         6281    i.prvCheckTasksWaitingTermination  tasks.o
    0x08004f40   0x0000002a   Code   RO         6081    i.prvCopyDataFromQueue  queue.o
    0x08004f6a   0x0000007c   Code   RO         6082    i.prvCopyDataToQueue  queue.o
    0x08004fe6   0x00000012   Code   RO         6282    i.prvDeleteTCB      tasks.o
    0x08004ff8   0x00000028   Code   RO         6617    i.prvGetNextExpireTime  timers.o
    0x08005020   0x00000038   Code   RO         5917    i.prvHeapInit       heap_2.o
    0x08005058   0x0000002c   Code   RO         6283    i.prvIdleTask       tasks.o
    0x08005084   0x0000001c   Code   RO         6083    i.prvInitialiseMutex  queue.o
    0x080050a0   0x0000002a   Code   RO         6084    i.prvInitialiseNewQueue  queue.o
    0x080050ca   0x000000b4   Code   RO         6284    i.prvInitialiseNewTask  tasks.o
    0x0800517e   0x00000002   PAD
    0x08005180   0x00000068   Code   RO         6285    i.prvInitialiseTaskLists  tasks.o
    0x080051e8   0x00000058   Code   RO         6619    i.prvInsertTimerInActiveList  timers.o
    0x08005240   0x0000001a   Code   RO         6085    i.prvIsQueueEmpty   queue.o
    0x0800525a   0x0000001e   Code   RO         6086    i.prvIsQueueFull    queue.o
    0x08005278   0x00000064   Code   RO         6620    i.prvProcessExpiredTimer  timers.o
    0x080052dc   0x000000f8   Code   RO         6621    i.prvProcessReceivedCommands  timers.o
    0x080053d4   0x00000074   Code   RO         6622    i.prvProcessTimerOrBlockTask  timers.o
    0x08005448   0x00000034   Code   RO         6287    i.prvResetNextTaskUnblockTime  tasks.o
    0x0800547c   0x0000002c   Code   RO         6623    i.prvSampleTimeNow  timers.o
    0x080054a8   0x000000a0   Code   RO         6624    i.prvSwitchTimerLists  timers.o
    0x08005548   0x00000040   Code   RO         5996    i.prvTaskExitError  port.o
    0x08005588   0x0000001a   Code   RO         6625    i.prvTimerTask      timers.o
    0x080055a2   0x0000007e   Code   RO         6087    i.prvUnlockQueue    queue.o
    0x08005620   0x000000c4   Code   RO         5918    i.pvPortMalloc      heap_2.o
    0x080056e4   0x00000020   Code   RO         6290    i.pvTaskIncrementMutexHeldCount  tasks.o
    0x08005704   0x0000002c   Code   RO         5997    i.pxPortInitialiseStack  port.o
    0x08005730   0x00000010   Code   RO         8028    i.raw_bind          raw.o
    0x08005740   0x00000074   Code   RO         8030    i.raw_input         raw.o
    0x080057b4   0x00000030   Code   RO         8031    i.raw_new           raw.o
    0x080057e4   0x00000006   Code   RO         8032    i.raw_recv          raw.o
    0x080057ea   0x00000002   PAD
    0x080057ec   0x00000040   Code   RO         8033    i.raw_remove        raw.o
    0x0800582c   0x0000009c   Code   RO         6940    i.recv_raw          api_msg.o
    0x080058c8   0x00000082   Code   RO         6941    i.recv_tcp          api_msg.o
    0x0800594a   0x00000084   Code   RO         6942    i.recv_udp          api_msg.o
    0x080059ce   0x00000064   Code   RO         6943    i.sent_tcp          api_msg.o
    0x08005a32   0x00000002   PAD
    0x08005a34   0x00000044   Code   RO         6944    i.setup_tcp         api_msg.o
    0x08005a78   0x00000098   Code   RO         8814    i.sys_arch_mbox_fetch  sys_arch.o
    0x08005b10   0x00000048   Code   RO         8815    i.sys_arch_mbox_tryfetch  sys_arch.o
    0x08005b58   0x00000060   Code   RO         8817    i.sys_arch_sem_wait  sys_arch.o
    0x08005bb8   0x00000002   Code   RO         8820    i.sys_init          sys_arch.o
    0x08005bba   0x00000034   Code   RO         8821    i.sys_mbox_free     sys_arch.o
    0x08005bee   0x00000020   Code   RO         8822    i.sys_mbox_new      sys_arch.o
    0x08005c0e   0x00000018   Code   RO         8823    i.sys_mbox_post     sys_arch.o
    0x08005c26   0x00000002   PAD
    0x08005c28   0x00000044   Code   RO         8824    i.sys_mbox_trypost  sys_arch.o
    0x08005c6c   0x00000018   Code   RO         8826    i.sys_mutex_lock    sys_arch.o
    0x08005c84   0x0000001a   Code   RO         8827    i.sys_mutex_new     sys_arch.o
    0x08005c9e   0x00000012   Code   RO         8828    i.sys_mutex_unlock  sys_arch.o
    0x08005cb0   0x0000000c   Code   RO         8830    i.sys_sem_free      sys_arch.o
    0x08005cbc   0x0000003e   Code   RO         8831    i.sys_sem_new       sys_arch.o
    0x08005cfa   0x00000002   PAD
    0x08005cfc   0x0000002c   Code   RO         8832    i.sys_sem_signal    sys_arch.o
    0x08005d28   0x00000038   Code   RO         8833    i.sys_thread_new    sys_arch.o
    0x08005d60   0x0000009c   Code   RO         8479    i.sys_timeout       timers_1.o
    0x08005dfc   0x00000034   Code   RO         8480    i.sys_timeouts_init  timers_1.o
    0x08005e30   0x00000088   Code   RO         8481    i.sys_timeouts_mbox_fetch  timers_1.o
    0x08005eb8   0x00000060   Code   RO         8482    i.sys_untimeout     timers_1.o
    0x08005f18   0x00000094   Code   RO         8102    i.tcp_abandon       tcp.o
    0x08005fac   0x0000000e   Code   RO         8103    i.tcp_abort         tcp.o
    0x08005fba   0x00000004   Code   RO         8104    i.tcp_accept        tcp.o
    0x08005fbe   0x00000008   Code   RO         8105    i.tcp_accept_null   tcp.o
    0x08005fc6   0x00000002   PAD
    0x08005fc8   0x000000bc   Code   RO         8106    i.tcp_alloc         tcp.o
    0x08006084   0x00000004   Code   RO         8107    i.tcp_arg           tcp.o
    0x08006088   0x00000098   Code   RO         8108    i.tcp_bind          tcp.o
    0x08006120   0x0000001c   Code   RO         8109    i.tcp_close         tcp.o
    0x0800613c   0x000001c8   Code   RO         8110    i.tcp_close_shutdown  tcp.o
    0x08006304   0x000000ac   Code   RO         8379    i.tcp_create_segment  tcp_out.o
    0x080063b0   0x0000002e   Code   RO         8113    i.tcp_eff_send_mss  tcp.o
    0x080063de   0x00000110   Code   RO         8380    i.tcp_enqueue_flags  tcp_out.o
    0x080064ee   0x0000000a   Code   RO         8114    i.tcp_err           tcp.o
    0x080064f8   0x0000007c   Code   RO         8115    i.tcp_fasttmr       tcp.o
    0x08006574   0x00000002   Code   RO         8116    i.tcp_init          tcp.o
    0x08006576   0x00000002   PAD
    0x08006578   0x0000047c   Code   RO         8331    i.tcp_input         tcp_in.o
    0x080069f4   0x00000044   Code   RO         8381    i.tcp_keepalive     tcp_out.o
    0x08006a38   0x00000054   Code   RO         8117    i.tcp_kill_prio     tcp.o
    0x08006a8c   0x0000003c   Code   RO         8118    i.tcp_kill_timewait  tcp.o
    0x08006ac8   0x00000130   Code   RO         8332    i.tcp_listen_input  tcp_in.o
    0x08006bf8   0x000000d8   Code   RO         8119    i.tcp_listen_with_backlog  tcp.o
    0x08006cd0   0x0000000a   Code   RO         8120    i.tcp_new           tcp.o
    0x08006cda   0x00000002   PAD
    0x08006cdc   0x00000068   Code   RO         8121    i.tcp_new_port      tcp.o
    0x08006d44   0x0000001c   Code   RO         8122    i.tcp_next_iss      tcp.o
    0x08006d60   0x000001c0   Code   RO         8382    i.tcp_output        tcp_out.o
    0x08006f20   0x00000078   Code   RO         8383    i.tcp_output_alloc_header  tcp_out.o
    0x08006f98   0x000000d0   Code   RO         8384    i.tcp_output_segment  tcp_out.o
    0x08007068   0x000000b8   Code   RO         8333    i.tcp_parseopt      tcp_in.o
    0x08007120   0x00000078   Code   RO         8385    i.tcp_pbuf_prealloc  tcp_out.o
    0x08007198   0x00000040   Code   RO         8123    i.tcp_pcb_purge     tcp.o
    0x080071d8   0x00000090   Code   RO         8124    i.tcp_pcb_remove    tcp.o
    0x08007268   0x0000000e   Code   RO         8125    i.tcp_poll          tcp.o
    0x08007276   0x00000002   PAD
    0x08007278   0x0000058c   Code   RO         8334    i.tcp_process       tcp_in.o
    0x08007804   0x0000008c   Code   RO         8126    i.tcp_process_refused_data  tcp.o
    0x08007890   0x0000063c   Code   RO         8335    i.tcp_receive       tcp_in.o
    0x08007ecc   0x00000008   Code   RO         8127    i.tcp_recv          tcp.o
    0x08007ed4   0x0000002e   Code   RO         8128    i.tcp_recv_null     tcp.o
    0x08007f02   0x00000046   Code   RO         8129    i.tcp_recved        tcp.o
    0x08007f48   0x0000005a   Code   RO         8386    i.tcp_rexmit        tcp_out.o
    0x08007fa2   0x00000070   Code   RO         8387    i.tcp_rexmit_fast   tcp_out.o
    0x08008012   0x0000003a   Code   RO         8388    i.tcp_rexmit_rto    tcp_out.o
    0x0800804c   0x0000007c   Code   RO         8389    i.tcp_rst           tcp_out.o
    0x080080c8   0x0000001a   Code   RO         8130    i.tcp_seg_free      tcp.o
    0x080080e2   0x00000018   Code   RO         8131    i.tcp_segs_free     tcp.o
    0x080080fa   0x0000004e   Code   RO         8390    i.tcp_send_empty_ack  tcp_out.o
    0x08008148   0x0000004a   Code   RO         8391    i.tcp_send_fin      tcp_out.o
    0x08008192   0x00000008   Code   RO         8132    i.tcp_sent          tcp.o
    0x0800819a   0x00000062   Code   RO         8134    i.tcp_shutdown      tcp.o
    0x080081fc   0x00000334   Code   RO         8135    i.tcp_slowtmr       tcp.o
    0x08008530   0x00000038   Code   RO         8483    i.tcp_timer_needed  timers_1.o
    0x08008568   0x000000ac   Code   RO         8336    i.tcp_timewait_input  tcp_in.o
    0x08008614   0x00000024   Code   RO         8136    i.tcp_tmr           tcp.o
    0x08008638   0x0000004e   Code   RO         8137    i.tcp_update_rcv_ann_wnd  tcp.o
    0x08008686   0x00000384   Code   RO         8392    i.tcp_write         tcp_out.o
    0x08008a0a   0x00000070   Code   RO         8393    i.tcp_write_checks  tcp_out.o
    0x08008a7a   0x000000a4   Code   RO         8394    i.tcp_zero_window_probe  tcp_out.o
    0x08008b1e   0x00000002   PAD
    0x08008b20   0x00000044   Code   RO         7171    i.tcpip_apimsg      tcpip.o
    0x08008b64   0x00000054   Code   RO         7175    i.tcpip_init        tcpip.o
    0x08008bb8   0x00000054   Code   RO         7176    i.tcpip_input       tcpip.o
    0x08008c0c   0x00000038   Code   RO         8484    i.tcpip_tcp_timer   timers_1.o
    0x08008c44   0x000000c8   Code   RO         7177    i.tcpip_thread      tcpip.o
    0x08008d0c   0x00000080   Code   RO         8558    i.udp_bind          udp.o
    0x08008d8c   0x00000002   Code   RO         8561    i.udp_init          udp.o
    0x08008d8e   0x00000002   PAD
    0x08008d90   0x000001d0   Code   RO         8562    i.udp_input         udp.o
    0x08008f60   0x0000001c   Code   RO         8563    i.udp_new           udp.o
    0x08008f7c   0x00000058   Code   RO         8564    i.udp_new_port      udp.o
    0x08008fd4   0x00000006   Code   RO         8565    i.udp_recv          udp.o
    0x08008fda   0x00000002   PAD
    0x08008fdc   0x00000040   Code   RO         8566    i.udp_remove        udp.o
    0x0800901c   0x000000ce   Code   RO         8569    i.udp_sendto_if     udp.o
    0x080090ea   0x00000028   Code   RO         5955    i.uxListRemove      list.o
    0x08009112   0x0000002a   Code   RO         6090    i.uxQueueMessagesWaiting  queue.o
    0x0800913c   0x00000002   Code   RO         5193    i.vApplicationIdleHook  main.o
    0x0800913e   0x00000002   Code   RO         5194    i.vApplicationMallocFailedHook  main.o
    0x08009140   0x00000002   Code   RO         5195    i.vApplicationStackOverflowHook  main.o
    0x08009142   0x00000002   Code   RO         5196    i.vApplicationTickHook  main.o
    0x08009144   0x0000001a   Code   RO         5956    i.vListInitialise   list.o
    0x0800915e   0x00000006   Code   RO         5957    i.vListInitialiseItem  list.o
    0x08009164   0x00000034   Code   RO         5958    i.vListInsert       list.o
    0x08009198   0x00000018   Code   RO         5959    i.vListInsertEnd    list.o
    0x080091b0   0x00000054   Code   RO         5999    i.vPortEnterCritical  port.o
    0x08009204   0x0000003c   Code   RO         6000    i.vPortExitCritical  port.o
    0x08009240   0x00000040   Code   RO         5919    i.vPortFree         heap_2.o
    0x08009280   0x00000020   Code   RO         6001    i.vPortSetupTimerInterrupt  port.o
    0x080092a0   0x00000078   Code   RO         6002    i.vPortValidateInterruptPriority  port.o
    0x08009318   0x0000002c   Code   RO         6093    i.vQueueAddToRegistry  queue.o
    0x08009344   0x0000002c   Code   RO         6094    i.vQueueDelete      queue.o
    0x08009370   0x00000030   Code   RO         6096    i.vQueueUnregisterQueue  queue.o
    0x080093a0   0x0000004a   Code   RO         6097    i.vQueueWaitForMessageRestricted  queue.o
    0x080093ea   0x00000002   PAD
    0x080093ec   0x0000005c   Code   RO         6298    i.vTaskDelay        tasks.o
    0x08009448   0x0000002c   Code   RO         5197    i.vTaskLED1         main.o
    0x08009474   0x0000002c   Code   RO         5198    i.vTaskLED2         main.o
    0x080094a0   0x0000000c   Code   RO         6303    i.vTaskMissedYield  tasks.o
    0x080094ac   0x00000038   Code   RO         6305    i.vTaskPlaceOnEventList  tasks.o
    0x080094e4   0x00000040   Code   RO         6306    i.vTaskPlaceOnEventListRestricted  tasks.o
    0x08009524   0x000000b0   Code   RO         6308    i.vTaskPriorityInherit  tasks.o
    0x080095d4   0x00000030   Code   RO         6312    i.vTaskSetTimeOutState  tasks.o
    0x08009604   0x00000094   Code   RO         6313    i.vTaskStartScheduler  tasks.o
    0x08009698   0x00000010   Code   RO         6315    i.vTaskSuspendAll   tasks.o
    0x080096a8   0x000000c4   Code   RO         6316    i.vTaskSwitchContext  tasks.o
    0x0800976c   0x0000013c   Code   RO         6003    i.xPortStartScheduler  port.o
    0x080098a8   0x0000005c   Code   RO         6098    i.xQueueCreateCountingSemaphore  queue.o
    0x08009904   0x00000022   Code   RO         6099    i.xQueueCreateMutex  queue.o
    0x08009926   0x00000058   Code   RO         6100    i.xQueueGenericCreate  queue.o
    0x0800997e   0x00000002   PAD
    0x08009980   0x000001c4   Code   RO         6101    i.xQueueGenericReceive  queue.o
    0x08009b44   0x00000098   Code   RO         6102    i.xQueueGenericReset  queue.o
    0x08009bdc   0x000001a8   Code   RO         6103    i.xQueueGenericSend  queue.o
    0x08009d84   0x000000f8   Code   RO         6104    i.xQueueGenericSendFromISR  queue.o
    0x08009e7c   0x000000e0   Code   RO         6105    i.xQueueGiveFromISR  queue.o
    0x08009f5c   0x000000ca   Code   RO         6110    i.xQueueReceiveFromISR  queue.o
    0x0800a026   0x00000002   PAD
    0x0800a028   0x0000008c   Code   RO         6317    i.xTaskCheckForTimeOut  tasks.o
    0x0800a0b4   0x00000060   Code   RO         6318    i.xTaskCreate       tasks.o
    0x0800a114   0x00000020   Code   RO         6322    i.xTaskGetSchedulerState  tasks.o
    0x0800a134   0x0000000c   Code   RO         6323    i.xTaskGetTickCount  tasks.o
    0x0800a140   0x00000154   Code   RO         6325    i.xTaskIncrementTick  tasks.o
    0x0800a294   0x000000c8   Code   RO         6328    i.xTaskPriorityDisinherit  tasks.o
    0x0800a35c   0x00000098   Code   RO         6329    i.xTaskRemoveFromEventList  tasks.o
    0x0800a3f4   0x00000104   Code   RO         6331    i.xTaskResumeAll    tasks.o
    0x0800a4f8   0x00000058   Code   RO         6629    i.xTimerCreateTimerTask  timers.o
    0x0800a550   0x00000084   Code   RO         6630    i.xTimerGenericCommand  timers.o
    0x0800a5d4   0x0000000a   Code   RO         9707    x$fpl$fpinit        fz_wm.l(fpinit.o)
    0x0800a5de   0x00000002   PAD
    0x0800a5e0   0x000018b8   Data   RO         5753    .constdata          fs.o
    0x0800be98   0x00000008   Data   RO         7435    .constdata          ip_addr.o
    0x0800bea0   0x00000030   Data   RO         7791    .constdata          memp.o
    0x0800bed0   0x00000050   Data   RO         8138    .constdata          tcp.o
    0x0800bf20   0x0000000c   Data   RO         8667    .constdata          etharp.o
    0x0800bf2c   0x00000075   Data   RO         8139    .conststring        tcp.o
    0x0800bfa1   0x00000003   PAD
    0x0800bfa4   0x00000020   Data   RO         9775    Region$$Table       anon$$obj.o


    Execution Region ER_RW (Base: 0x20000000, Size: 0x00000148, Max: 0xffffffff, ABSOLUTE, COMPRESSED[0x0000002c])

    Base Addr    Size         Type   Attr      Idx    E Section Name        Object

    0x20000000   0x00000010   Data   RW         3016    .data               stm32f4xx_rcc.o
    0x20000010   0x00000018   Data   RW         5923    .data               heap_2.o
    0x20000028   0x0000000c   Data   RW         6004    .data               port.o
    0x20000034   0x0000003c   Data   RW         6334    .data               tasks.o
    0x20000070   0x00000014   Data   RW         6636    .data               timers.o
    0x20000084   0x0000000c   Data   RW         7181    .data               tcpip.o
    0x20000090   0x00000012   Data   RW         7363    .data               ip.o
    0x200000a2   0x00000002   PAD
    0x200000a4   0x00000004   Data   RW         7552    .data               dhcp.o
    0x200000a8   0x00000010   Data   RW         7749    .data               mem.o
    0x200000b8   0x00000009   Data   RW         7839    .data               netif.o
    0x200000c1   0x00000003   PAD
    0x200000c4   0x00000004   Data   RW         8036    .data               raw.o
    0x200000c8   0x00000024   Data   RW         8140    .data               tcp.o
    0x200000ec   0x00000020   Data   RW         8338    .data               tcp_in.o
    0x2000010c   0x00000008   Data   RW         8485    .data               timers_1.o
    0x20000114   0x00000008   Data   RW         8570    .data               udp.o
    0x2000011c   0x00000001   Data   RW         8668    .data               etharp.o
    0x2000011d   0x00000003   PAD
    0x20000120   0x0000000c   Data   RW         8761    .data               ethernetif.o
    0x2000012c   0x00000004   Data   RW         8834    .data               sys_arch.o
    0x20000130   0x00000004   Data   RW         8953    .data               stm32f4x7_eth_bsp.o
    0x20000134   0x00000010   Data   RW         9076    .data               stm32f4x7_eth.o
    0x20000144   0x00000004   Data   RW         9526    .data               system_stm32f4xx.o


    Execution Region ER_ZI (Base: 0x20000148, Size: 0x0001b110, Max: 0xffffffff, ABSOLUTE)

    Base Addr    Size         Type   Attr      Idx    E Section Name        Object

    0x20000148   0x00000034   Zero   RW         5199    .bss                main.o
    0x2000017c   0x000000f0   Zero   RW         5752    .bss                fs.o
    0x2000026c   0x00012c00   Zero   RW         5922    .bss                heap_2.o
    0x20012e6c   0x00000040   Zero   RW         6112    .bss                queue.o
    0x20012eac   0x000000c8   Zero   RW         6333    .bss                tasks.o
    0x20012f74   0x00000028   Zero   RW         6635    .bss                timers.o
    0x20012f9c   0x00001414   Zero   RW         7748    .bss                mem.o
    0x200143b0   0x00002a97   Zero   RW         7790    .bss                memp.o
    0x20016e47   0x00000001   PAD
    0x20016e48   0x00000010   Zero   RW         8337    .bss                tcp_in.o
    0x20016e58   0x000000c8   Zero   RW         8666    .bss                etharp.o
    0x20016f20   0x00003cd4   Zero   RW         9075    .bss                stm32f4x7_eth.o
    0x2001abf4   0x00000060   Zero   RW         9649    .bss                c_w.l(libspace.o)
    0x2001ac54   0x00000004   PAD
    0x2001ac58   0x00000200   Zero   RW         9514    HEAP                startup_stm32f407xx.o
    0x2001ae58   0x00000400   Zero   RW         9513    STACK               startup_stm32f407xx.o


==============================================================================

Image component sizes


      Code (inc. data)   RO Data    RW Data    ZI Data      Debug   Object Name

      1008         30          0          0          0      28809   api_lib.o
      2988         46          0          0          0      15499   api_msg.o
        62          0          0          0          0       2052   def.o
      2476         50          0          4          0      15207   dhcp.o
      2310         66         12          1        200      13360   etharp.o
       684         86          0         12          0       5046   ethernetif.o
         0          0          0          0          0      11716   event_groups.o
       200         16       6328          0        240       4046   fs.o
       316         48          0         24      76800       3359   heap_2.o
       504        178          0          0          0      12989   http_server.o
       502         10          0          0          0       2997   icmp.o
       200          0          0          0          0       2549   inet_chksum.o
        32          0          0          0          0        484   init.o
       752         36          0         18          0      22140   ip.o
        78          0          8          0          0       6918   ip_addr.o
       148          0          0          0          0       3054   list.o
       348         70          0          0         52      43119   main.o
       888         80          0         16       5140       4941   mem.o
       176         26         48          0      10903       3054   memp.o
       140         24          0          0          0     243975   misc.o
        96          0          0          0          0       6246   netbuf.o
       406         26          0          9          0       7655   netif.o
      1202          0          0          0          0       7589   pbuf.o
       958         92          0         12          0      10693   port.o
      2586         26          0          0         64      19484   queue.o
       250         24          0          4          0       3641   raw.o
        64         26        392          0       1536        852   startup_stm32f407xx.o
      2214        172          0         16      15572      16722   stm32f4x7_eth.o
       514         32          0          4          0       2689   stm32f4x7_eth_bsp.o
         0          0          0          0          0      15264   stm32f4xx_dfsdm.o
       222          0          0          0          0       9759   stm32f4xx_gpio.o
        96         10          0          0          0      79414   stm32f4xx_it.o
       328         36          0         16          0       4463   stm32f4xx_rcc.o
        12          6          0          0          0        546   stm32f4xx_syscfg.o
       740         22          0          4          0      11288   sys_arch.o
       100         18          0          4          0       1167   system_stm32f4xx.o
      2906        366          0         60        200      21473   tasks.o
      3262        180        197         36          0      30913   tcp.o
      4824        288          0         32         16      16211   tcp_in.o
      3120         10          0          0          0      14735   tcp_out.o
       436         64          0         12          0       8138   tcpip.o
      1142        118          0         20         40      16743   timers.o
       636         78          0          8          0       6119   timers_1.o
       986         32          0          8          0      14786   udp.o

    ----------------------------------------------------------------------
     40978       2392       7020        328     110764     771904   Object Totals
         0          0         32          0          0          0   (incl. Generated)
        66          0          3          8          1          0   (incl. Padding)

    ----------------------------------------------------------------------

      Code (inc. data)   RO Data    RW Data    ZI Data      Debug   Library Member Name

        58          0          0          0          0          0   __dczerorl.o
         8          0          0          0          0         68   __main.o
         0          0          0          0          0          0   __rtentry.o
        12          0          0          0          0          0   __rtentry2.o
         6          0          0          0          0          0   __rtentry4.o
        52          8          0          0          0          0   __scatter.o
        28          0          0          0          0          0   __scatter_zi.o
        16          0          0          0          0         68   aeabi_memset.o
        18          0          0          0          0         80   exit.o
         6          0          0          0          0        152   heapauxi.o
         0          0          0          0          0          0   indicate_semi.o
         2          0          0          0          0          0   libinit.o
         6          0          0          0          0          0   libinit2.o
         2          0          0          0          0          0   libshutdown.o
         2          0          0          0          0          0   libshutdown2.o
         8          4          0          0         96         68   libspace.o
        88          0          0          0          0         76   memcmp.o
        68          0          0          0          0         68   rt_memclr.o
        78          0          0          0          0         80   rt_memclr_w.o
       138          0          0          0          0         68   rt_memcpy_v6.o
       100          0          0          0          0         80   rt_memcpy_w.o
         2          0          0          0          0          0   rtexit.o
        10          0          0          0          0          0   rtexit2.o
       128          0          0          0          0         68   strcmpv7m.o
       150          0          0          0          0         80   strncmp.o
        12          4          0          0          0         68   sys_exit.o
        74          0          0          0          0         80   sys_stackheap_outer.o
         2          0          0          0          0         68   use_no_semi.o
        10          0          0          0          0        116   fpinit.o

    ----------------------------------------------------------------------
      1094         16          0          0        100       1288   Library Totals
        10          0          0          0          4          0   (incl. Padding)

    ----------------------------------------------------------------------

      Code (inc. data)   RO Data    RW Data    ZI Data      Debug   Library Name

      1074         16          0          0         96       1172   c_w.l
        10          0          0          0          0        116   fz_wm.l

    ----------------------------------------------------------------------
      1094         16          0          0        100       1288   Library Totals

    ----------------------------------------------------------------------

==============================================================================


      Code (inc. data)   RO Data    RW Data    ZI Data      Debug   

     42072       2408       7020        328     110864     738120   Grand Totals
     42072       2408       7020         44     110864     738120   ELF Image Totals (compressed)
     42072       2408       7020         44          0          0   ROM Totals

==============================================================================

    Total RO  Size (Code + RO Data)                49092 (  47.94kB)
    Total RW  Size (RW Data + ZI Data)            111192 ( 108.59kB)
    Total ROM Size (Code + RO Data + RW Data)      49136 (  47.98kB)

==============================================================================

